<!doctype html public "-//w3c//dtd html 4.0 transitional//en">
<html><head>
<title>Static Call Graph - [.\output\Project.axf]</title></head>
<body><HR>
<H1>Static Call Graph for image .\output\Project.axf</H1><HR>
<BR><P>#&#060CALLGRAPH&#062# ARM Linker, 5060960: Last Updated: Wed Sep 16 16:16:26 2026
<BR><P>
<H3>Maximum Stack Usage =        640 bytes + Unknown(Cycles, Untraceable Function Pointers)</H3><H3>
Call chain for Maximum Stack Depth:</H3>
main &rArr; ActConf_Pcs &rArr; Core_Pcs &rArr; GenCoreSeq
<P>
<H3>
Mutually Recursive functions
</H3> <LI><a href="#[14]">NMI_Handler</a>&nbsp;&nbsp;&nbsp;&rArr;&nbsp;&nbsp;&nbsp;<a href="#[14]">NMI_Handler</a><BR>
 <LI><a href="#[15]">HardFault_Handler</a>&nbsp;&nbsp;&nbsp;&rArr;&nbsp;&nbsp;&nbsp;<a href="#[15]">HardFault_Handler</a><BR>
 <LI><a href="#[16]">MemManage_Handler</a>&nbsp;&nbsp;&nbsp;&rArr;&nbsp;&nbsp;&nbsp;<a href="#[16]">MemManage_Handler</a><BR>
 <LI><a href="#[17]">BusFault_Handler</a>&nbsp;&nbsp;&nbsp;&rArr;&nbsp;&nbsp;&nbsp;<a href="#[17]">BusFault_Handler</a><BR>
 <LI><a href="#[18]">UsageFault_Handler</a>&nbsp;&nbsp;&nbsp;&rArr;&nbsp;&nbsp;&nbsp;<a href="#[18]">UsageFault_Handler</a><BR>
 <LI><a href="#[19]">SVC_Handler</a>&nbsp;&nbsp;&nbsp;&rArr;&nbsp;&nbsp;&nbsp;<a href="#[19]">SVC_Handler</a><BR>
 <LI><a href="#[1a]">DebugMon_Handler</a>&nbsp;&nbsp;&nbsp;&rArr;&nbsp;&nbsp;&nbsp;<a href="#[1a]">DebugMon_Handler</a><BR>
 <LI><a href="#[1b]">PendSV_Handler</a>&nbsp;&nbsp;&nbsp;&rArr;&nbsp;&nbsp;&nbsp;<a href="#[1b]">PendSV_Handler</a><BR>
 <LI><a href="#[1c]">SysTick_Handler</a>&nbsp;&nbsp;&nbsp;&rArr;&nbsp;&nbsp;&nbsp;<a href="#[1c]">SysTick_Handler</a><BR>
 <LI><a href="#[94]">ADC3_IRQHandler</a>&nbsp;&nbsp;&nbsp;&rArr;&nbsp;&nbsp;&nbsp;<a href="#[94]">ADC3_IRQHandler</a><BR>
</UL>
<P>
<H3>
Function Pointers
</H3><UL>
 <LI><a href="#[94]">ADC3_IRQHandler</a> from startup_stm32h743xx.o(.text) referenced from startup_stm32h743xx.o(RESET)
 <LI><a href="#[2f]">ADC_IRQHandler</a> from startup_stm32h743xx.o(.text) referenced from startup_stm32h743xx.o(RESET)
 <LI><a href="#[10e]">AL_AccBefInj</a> from actconf.o(i.AL_AccBefInj) referenced from actconf.o(.constdata)
 <LI><a href="#[142]">AL_AirInj</a> from actconf.o(i.AL_AirInj) referenced 4 times from actconf.o(.constdata)
 <LI><a href="#[17d]">AL_AutoGateCls</a> from actconf.o(i.AL_AutoGateCls) referenced 2 times from actconf.o(.constdata)
 <LI><a href="#[17e]">AL_AutoGateOpen</a> from actconf.o(i.AL_AutoGateOpen) referenced 3 times from actconf.o(.constdata)
 <LI><a href="#[1]">AL_AutoModeStart</a> from actconf.o(i.AL_AutoModeStart) referenced 2 times from actconf.o(.constdata)
 <LI><a href="#[1]">AL_AutoModeStart</a> from actconf.o(i.AL_AutoModeStart) referenced 2 times from actconf.o(.data)
 <LI><a href="#[1bc]">AL_AutoMoldAdj</a> from actconf.o(i.AL_AutoMoldAdj) referenced from actconf.o(.constdata)
 <LI><a href="#[197]">AL_BMCFeedIn</a> from actconf.o(i.AL_BMCFeedIn) referenced from actconf.o(.constdata)
 <LI><a href="#[199]">AL_BMCFeedInLink</a> from actconf.o(i.AL_BMCFeedInLink) referenced from actconf.o(.constdata)
 <LI><a href="#[198]">AL_BMCFeedOut</a> from actconf.o(i.AL_BMCFeedOut) referenced from actconf.o(.constdata)
 <LI><a href="#[19f]">AL_BrkIn</a> from actconf.o(i.AL_BrkIn) referenced from actconf.o(.constdata)
 <LI><a href="#[1a0]">AL_BrkOut</a> from actconf.o(i.AL_BrkOut) referenced from actconf.o(.constdata)
 <LI><a href="#[9]">AL_Charge</a> from actconf.o(i.AL_Charge) referenced 2 times from actconf.o(.constdata)
 <LI><a href="#[9]">AL_Charge</a> from actconf.o(i.AL_Charge) referenced 2 times from actconf.o(.data)
 <LI><a href="#[8]">AL_ChgCool</a> from actconf.o(i.AL_ChgCool) referenced from actconf.o(.constdata)
 <LI><a href="#[8]">AL_ChgCool</a> from actconf.o(i.AL_ChgCool) referenced 2 times from actconf.o(.data)
 <LI><a href="#[c]">AL_CoolEndWait</a> from actconf.o(i.AL_CoolEndWait) referenced from actconf.o(.constdata)
 <LI><a href="#[c]">AL_CoolEndWait</a> from actconf.o(i.AL_CoolEndWait) referenced 2 times from actconf.o(.data)
 <LI><a href="#[b4]">AL_Core1In</a> from actconf.o(i.AL_Core1In) referenced 4 times from actconf.o(.constdata)
 <LI><a href="#[b4]">AL_Core1In</a> from actconf.o(i.AL_Core1In) referenced from actconf.o(i.GenCoreRunReq)
 <LI><a href="#[b4]">AL_Core1In</a> from actconf.o(i.AL_Core1In) referenced from actconf.o(i.GenCoreRunReq_InsConAct)
 <LI><a href="#[bc]">AL_Core1Out</a> from actconf.o(i.AL_Core1Out) referenced from actconf.o(i.GenCoreRunReq)
 <LI><a href="#[bc]">AL_Core1Out</a> from actconf.o(i.AL_Core1Out) referenced from actconf.o(i.GenCoreRunReq_InsConAct)
 <LI><a href="#[188]">AL_Core1Out_S0</a> from actconf.o(i.AL_Core1Out_S0) referenced from actconf.o(.constdata)
 <LI><a href="#[b5]">AL_Core2In</a> from actconf.o(i.AL_Core2In) referenced from actconf.o(i.GenCoreRunReq)
 <LI><a href="#[b5]">AL_Core2In</a> from actconf.o(i.AL_Core2In) referenced from actconf.o(i.GenCoreRunReq_InsConAct)
 <LI><a href="#[bd]">AL_Core2Out</a> from actconf.o(i.AL_Core2Out) referenced from actconf.o(i.GenCoreRunReq)
 <LI><a href="#[bd]">AL_Core2Out</a> from actconf.o(i.AL_Core2Out) referenced from actconf.o(i.GenCoreRunReq_InsConAct)
 <LI><a href="#[b6]">AL_Core3In</a> from actconf.o(i.AL_Core3In) referenced from actconf.o(i.GenCoreRunReq)
 <LI><a href="#[b6]">AL_Core3In</a> from actconf.o(i.AL_Core3In) referenced from actconf.o(i.GenCoreRunReq_InsConAct)
 <LI><a href="#[be]">AL_Core3Out</a> from actconf.o(i.AL_Core3Out) referenced from actconf.o(i.GenCoreRunReq)
 <LI><a href="#[be]">AL_Core3Out</a> from actconf.o(i.AL_Core3Out) referenced from actconf.o(i.GenCoreRunReq_InsConAct)
 <LI><a href="#[b7]">AL_Core4In</a> from actconf.o(i.AL_Core4In) referenced from actconf.o(i.GenCoreRunReq)
 <LI><a href="#[b7]">AL_Core4In</a> from actconf.o(i.AL_Core4In) referenced from actconf.o(i.GenCoreRunReq_InsConAct)
 <LI><a href="#[bf]">AL_Core4Out</a> from actconf.o(i.AL_Core4Out) referenced from actconf.o(i.GenCoreRunReq)
 <LI><a href="#[bf]">AL_Core4Out</a> from actconf.o(i.AL_Core4Out) referenced from actconf.o(i.GenCoreRunReq_InsConAct)
 <LI><a href="#[b8]">AL_Core5In</a> from actconf.o(i.AL_Core5In) referenced from actconf.o(i.GenCoreRunReq)
 <LI><a href="#[b8]">AL_Core5In</a> from actconf.o(i.AL_Core5In) referenced from actconf.o(i.GenCoreRunReq_InsConAct)
 <LI><a href="#[c0]">AL_Core5Out</a> from actconf.o(i.AL_Core5Out) referenced from actconf.o(i.GenCoreRunReq)
 <LI><a href="#[c0]">AL_Core5Out</a> from actconf.o(i.AL_Core5Out) referenced from actconf.o(i.GenCoreRunReq_InsConAct)
 <LI><a href="#[b9]">AL_Core6In</a> from actconf.o(i.AL_Core6In) referenced from actconf.o(i.GenCoreRunReq)
 <LI><a href="#[b9]">AL_Core6In</a> from actconf.o(i.AL_Core6In) referenced from actconf.o(i.GenCoreRunReq_InsConAct)
 <LI><a href="#[c1]">AL_Core6Out</a> from actconf.o(i.AL_Core6Out) referenced from actconf.o(i.GenCoreRunReq)
 <LI><a href="#[c1]">AL_Core6Out</a> from actconf.o(i.AL_Core6Out) referenced from actconf.o(i.GenCoreRunReq_InsConAct)
 <LI><a href="#[ba]">AL_Core7In</a> from actconf.o(i.AL_Core7In) referenced from actconf.o(i.GenCoreRunReq)
 <LI><a href="#[ba]">AL_Core7In</a> from actconf.o(i.AL_Core7In) referenced from actconf.o(i.GenCoreRunReq_InsConAct)
 <LI><a href="#[c2]">AL_Core7Out</a> from actconf.o(i.AL_Core7Out) referenced from actconf.o(i.GenCoreRunReq)
 <LI><a href="#[c2]">AL_Core7Out</a> from actconf.o(i.AL_Core7Out) referenced from actconf.o(i.GenCoreRunReq_InsConAct)
 <LI><a href="#[bb]">AL_Core8In</a> from actconf.o(i.AL_Core8In) referenced from actconf.o(i.GenCoreRunReq)
 <LI><a href="#[bb]">AL_Core8In</a> from actconf.o(i.AL_Core8In) referenced from actconf.o(i.GenCoreRunReq_InsConAct)
 <LI><a href="#[c3]">AL_Core8Out</a> from actconf.o(i.AL_Core8Out) referenced from actconf.o(i.GenCoreRunReq)
 <LI><a href="#[c3]">AL_Core8Out</a> from actconf.o(i.AL_Core8Out) referenced from actconf.o(i.GenCoreRunReq_InsConAct)
 <LI><a href="#[189]">AL_CoreLinkWait</a> from actconf.o(i.AL_CoreLinkWait) referenced from actconf.o(.constdata)
 <LI><a href="#[12]">AL_CycEnd</a> from actconf.o(i.AL_CycEnd) referenced 2 times from actconf.o(.constdata)
 <LI><a href="#[12]">AL_CycEnd</a> from actconf.o(i.AL_CycEnd) referenced 2 times from actconf.o(.data)
 <LI><a href="#[2]">AL_CycStart</a> from actconf.o(i.AL_CycStart) referenced 2 times from actconf.o(.constdata)
 <LI><a href="#[2]">AL_CycStart</a> from actconf.o(i.AL_CycStart) referenced 2 times from actconf.o(.data)
 <LI><a href="#[fb]">AL_CycStartKey</a> from actconf.o(i.AL_CycStartKey) referenced from actconf.o(.constdata)
 <LI><a href="#[17f]">AL_EjeCharge</a> from actconf.o(i.AL_EjeCharge) referenced from actconf.o(.constdata)
 <LI><a href="#[196]">AL_EjeCutHandle</a> from actconf.o(i.AL_EjeCutHandle) referenced from actconf.o(.constdata)
 <LI><a href="#[11]">AL_EjeFor</a> from actconf.o(i.AL_EjeFor) referenced 3 times from actconf.o(.constdata)
 <LI><a href="#[11]">AL_EjeFor</a> from actconf.o(i.AL_EjeFor) referenced 2 times from actconf.o(.data)
 <LI><a href="#[180]">AL_EjeFor1PauseTi</a> from actconf.o(i.AL_EjeFor1PauseTi) referenced from actconf.o(.constdata)
 <LI><a href="#[182]">AL_EjeForLink</a> from actconf.o(i.AL_EjeForLink) referenced from actconf.o(.constdata)
 <LI><a href="#[183]">AL_EjeForLinkWait</a> from actconf.o(i.AL_EjeForLinkWait) referenced from actconf.o(.constdata)
 <LI><a href="#[181]">AL_EjeFor_MOME</a> from actconf.o(i.AL_EjeFor_MOME) referenced from actconf.o(.constdata)
 <LI><a href="#[100]">AL_EjeRet</a> from actconf.o(i.AL_EjeRet) referenced 2 times from actconf.o(.constdata)
 <LI><a href="#[195]">AL_Exhaust</a> from actconf.o(i.AL_Exhaust) referenced from actconf.o(.constdata)
 <LI><a href="#[f]">AL_FinAirInj</a> from actconf.o(i.AL_FinAirInj) referenced from actconf.o(.constdata)
 <LI><a href="#[f]">AL_FinAirInj</a> from actconf.o(i.AL_FinAirInj) referenced 2 times from actconf.o(.data)
 <LI><a href="#[4]">AL_InjBefNozFor</a> from actconf.o(i.AL_InjBefNozFor) referenced from actconf.o(.constdata)
 <LI><a href="#[4]">AL_InjBefNozFor</a> from actconf.o(i.AL_InjBefNozFor) referenced 2 times from actconf.o(.data)
 <LI><a href="#[19c]">AL_InjComp</a> from actconf.o(i.AL_InjComp) referenced from actconf.o(.constdata)
 <LI><a href="#[6]">AL_Inject</a> from actconf.o(i.AL_Inject) referenced 2 times from actconf.o(.constdata)
 <LI><a href="#[6]">AL_Inject</a> from actconf.o(i.AL_Inject) referenced 2 times from actconf.o(.data)
 <LI><a href="#[1b4]">AL_KeyAir1</a> from actconf.o(i.AL_KeyAir1) referenced from actconf.o(.constdata)
 <LI><a href="#[1b5]">AL_KeyAir2</a> from actconf.o(i.AL_KeyAir2) referenced from actconf.o(.constdata)
 <LI><a href="#[1b6]">AL_KeyAir3</a> from actconf.o(i.AL_KeyAir3) referenced from actconf.o(.constdata)
 <LI><a href="#[1b7]">AL_KeyAir4</a> from actconf.o(i.AL_KeyAir4) referenced from actconf.o(.constdata)
 <LI><a href="#[1b8]">AL_KeyAir5</a> from actconf.o(i.AL_KeyAir5) referenced from actconf.o(.constdata)
 <LI><a href="#[1b9]">AL_KeyAir6</a> from actconf.o(i.AL_KeyAir6) referenced from actconf.o(.constdata)
 <LI><a href="#[1a4]">AL_KeyCore1In</a> from actconf.o(i.AL_KeyCore1In) referenced from actconf.o(.constdata)
 <LI><a href="#[1a5]">AL_KeyCore1Out</a> from actconf.o(i.AL_KeyCore1Out) referenced from actconf.o(.constdata)
 <LI><a href="#[1a6]">AL_KeyCore2In</a> from actconf.o(i.AL_KeyCore2In) referenced from actconf.o(.constdata)
 <LI><a href="#[1a7]">AL_KeyCore2Out</a> from actconf.o(i.AL_KeyCore2Out) referenced from actconf.o(.constdata)
 <LI><a href="#[1a8]">AL_KeyCore3In</a> from actconf.o(i.AL_KeyCore3In) referenced from actconf.o(.constdata)
 <LI><a href="#[1a9]">AL_KeyCore3Out</a> from actconf.o(i.AL_KeyCore3Out) referenced from actconf.o(.constdata)
 <LI><a href="#[1aa]">AL_KeyCore4In</a> from actconf.o(i.AL_KeyCore4In) referenced from actconf.o(.constdata)
 <LI><a href="#[1ab]">AL_KeyCore4Out</a> from actconf.o(i.AL_KeyCore4Out) referenced from actconf.o(.constdata)
 <LI><a href="#[1ac]">AL_KeyCore5In</a> from actconf.o(i.AL_KeyCore5In) referenced from actconf.o(.constdata)
 <LI><a href="#[1ad]">AL_KeyCore5Out</a> from actconf.o(i.AL_KeyCore5Out) referenced from actconf.o(.constdata)
 <LI><a href="#[1ae]">AL_KeyCore6In</a> from actconf.o(i.AL_KeyCore6In) referenced from actconf.o(.constdata)
 <LI><a href="#[1af]">AL_KeyCore6Out</a> from actconf.o(i.AL_KeyCore6Out) referenced from actconf.o(.constdata)
 <LI><a href="#[1b0]">AL_KeyCore7In</a> from actconf.o(i.AL_KeyCore7In) referenced from actconf.o(.constdata)
 <LI><a href="#[1b1]">AL_KeyCore7Out</a> from actconf.o(i.AL_KeyCore7Out) referenced from actconf.o(.constdata)
 <LI><a href="#[1b2]">AL_KeyCore8In</a> from actconf.o(i.AL_KeyCore8In) referenced from actconf.o(.constdata)
 <LI><a href="#[1b3]">AL_KeyCore8Out</a> from actconf.o(i.AL_KeyCore8Out) referenced from actconf.o(.constdata)
 <LI><a href="#[1ba]">AL_KeyLubr</a> from actconf.o(i.AL_KeyLubr) referenced from actconf.o(.constdata)
 <LI><a href="#[cc]">AL_LinkCore1In</a> from actconf.o(i.AL_LinkCore1In) referenced from actconf.o(i.GenCoreRunReq)
 <LI><a href="#[cc]">AL_LinkCore1In</a> from actconf.o(i.AL_LinkCore1In) referenced from actconf.o(i.GenCoreRunReq_InsConAct)
 <LI><a href="#[c4]">AL_LinkCore1Out</a> from actconf.o(i.AL_LinkCore1Out) referenced from actconf.o(i.GenCoreRunReq)
 <LI><a href="#[c4]">AL_LinkCore1Out</a> from actconf.o(i.AL_LinkCore1Out) referenced from actconf.o(i.GenCoreRunReq_InsConAct)
 <LI><a href="#[cd]">AL_LinkCore2In</a> from actconf.o(i.AL_LinkCore2In) referenced from actconf.o(i.GenCoreRunReq)
 <LI><a href="#[cd]">AL_LinkCore2In</a> from actconf.o(i.AL_LinkCore2In) referenced from actconf.o(i.GenCoreRunReq_InsConAct)
 <LI><a href="#[c5]">AL_LinkCore2Out</a> from actconf.o(i.AL_LinkCore2Out) referenced from actconf.o(i.GenCoreRunReq)
 <LI><a href="#[c5]">AL_LinkCore2Out</a> from actconf.o(i.AL_LinkCore2Out) referenced from actconf.o(i.GenCoreRunReq_InsConAct)
 <LI><a href="#[ce]">AL_LinkCore3In</a> from actconf.o(i.AL_LinkCore3In) referenced from actconf.o(i.GenCoreRunReq)
 <LI><a href="#[ce]">AL_LinkCore3In</a> from actconf.o(i.AL_LinkCore3In) referenced from actconf.o(i.GenCoreRunReq_InsConAct)
 <LI><a href="#[c6]">AL_LinkCore3Out</a> from actconf.o(i.AL_LinkCore3Out) referenced from actconf.o(i.GenCoreRunReq)
 <LI><a href="#[c6]">AL_LinkCore3Out</a> from actconf.o(i.AL_LinkCore3Out) referenced from actconf.o(i.GenCoreRunReq_InsConAct)
 <LI><a href="#[cf]">AL_LinkCore4In</a> from actconf.o(i.AL_LinkCore4In) referenced from actconf.o(i.GenCoreRunReq)
 <LI><a href="#[cf]">AL_LinkCore4In</a> from actconf.o(i.AL_LinkCore4In) referenced from actconf.o(i.GenCoreRunReq_InsConAct)
 <LI><a href="#[c7]">AL_LinkCore4Out</a> from actconf.o(i.AL_LinkCore4Out) referenced from actconf.o(i.GenCoreRunReq)
 <LI><a href="#[c7]">AL_LinkCore4Out</a> from actconf.o(i.AL_LinkCore4Out) referenced from actconf.o(i.GenCoreRunReq_InsConAct)
 <LI><a href="#[d0]">AL_LinkCore5In</a> from actconf.o(i.AL_LinkCore5In) referenced from actconf.o(i.GenCoreRunReq)
 <LI><a href="#[d0]">AL_LinkCore5In</a> from actconf.o(i.AL_LinkCore5In) referenced from actconf.o(i.GenCoreRunReq_InsConAct)
 <LI><a href="#[c8]">AL_LinkCore5Out</a> from actconf.o(i.AL_LinkCore5Out) referenced from actconf.o(i.GenCoreRunReq)
 <LI><a href="#[c8]">AL_LinkCore5Out</a> from actconf.o(i.AL_LinkCore5Out) referenced from actconf.o(i.GenCoreRunReq_InsConAct)
 <LI><a href="#[d1]">AL_LinkCore6In</a> from actconf.o(i.AL_LinkCore6In) referenced from actconf.o(i.GenCoreRunReq)
 <LI><a href="#[d1]">AL_LinkCore6In</a> from actconf.o(i.AL_LinkCore6In) referenced from actconf.o(i.GenCoreRunReq_InsConAct)
 <LI><a href="#[c9]">AL_LinkCore6Out</a> from actconf.o(i.AL_LinkCore6Out) referenced from actconf.o(i.GenCoreRunReq)
 <LI><a href="#[c9]">AL_LinkCore6Out</a> from actconf.o(i.AL_LinkCore6Out) referenced from actconf.o(i.GenCoreRunReq_InsConAct)
 <LI><a href="#[d2]">AL_LinkCore7In</a> from actconf.o(i.AL_LinkCore7In) referenced from actconf.o(i.GenCoreRunReq)
 <LI><a href="#[d2]">AL_LinkCore7In</a> from actconf.o(i.AL_LinkCore7In) referenced from actconf.o(i.GenCoreRunReq_InsConAct)
 <LI><a href="#[ca]">AL_LinkCore7Out</a> from actconf.o(i.AL_LinkCore7Out) referenced from actconf.o(i.GenCoreRunReq)
 <LI><a href="#[ca]">AL_LinkCore7Out</a> from actconf.o(i.AL_LinkCore7Out) referenced from actconf.o(i.GenCoreRunReq_InsConAct)
 <LI><a href="#[d3]">AL_LinkCore8In</a> from actconf.o(i.AL_LinkCore8In) referenced from actconf.o(i.GenCoreRunReq)
 <LI><a href="#[d3]">AL_LinkCore8In</a> from actconf.o(i.AL_LinkCore8In) referenced from actconf.o(i.GenCoreRunReq_InsConAct)
 <LI><a href="#[cb]">AL_LinkCore8Out</a> from actconf.o(i.AL_LinkCore8Out) referenced from actconf.o(i.GenCoreRunReq)
 <LI><a href="#[cb]">AL_LinkCore8Out</a> from actconf.o(i.AL_LinkCore8Out) referenced from actconf.o(i.GenCoreRunReq_InsConAct)
 <LI><a href="#[184]">AL_Lubr1</a> from actconf.o(i.AL_Lubr1) referenced 4 times from actconf.o(.constdata)
 <LI><a href="#[185]">AL_Lubr2</a> from actconf.o(i.AL_Lubr2) referenced 4 times from actconf.o(.constdata)
 <LI><a href="#[14d]">AL_Lubr2WaitLubr1</a> from actconf.o(i.AL_Lubr2WaitLubr1) referenced from actconf.o(.constdata)
 <LI><a href="#[101]">AL_MachProt</a> from actconf.o(i.AL_MachProt) referenced from actconf.o(.constdata)
 <LI><a href="#[186]">AL_MoldAdjLubr</a> from actconf.o(i.AL_MoldAdjLubr) referenced 2 times from actconf.o(.constdata)
 <LI><a href="#[3]">AL_MoldCls</a> from actconf.o(i.AL_MoldCls) referenced 4 times from actconf.o(.constdata)
 <LI><a href="#[3]">AL_MoldCls</a> from actconf.o(i.AL_MoldCls) referenced 2 times from actconf.o(.data)
 <LI><a href="#[16b]">AL_MoldCls_AMA</a> from actconf.o(i.AL_MoldCls_AMA) referenced from actconf.o(.constdata)
 <LI><a href="#[10]">AL_MoldOpen</a> from actconf.o(i.AL_MoldOpen) referenced 7 times from actconf.o(.constdata)
 <LI><a href="#[10]">AL_MoldOpen</a> from actconf.o(i.AL_MoldOpen) referenced 2 times from actconf.o(.data)
 <LI><a href="#[16d]">AL_MoldOpen_AMA</a> from actconf.o(i.AL_MoldOpen_AMA) referenced from actconf.o(.constdata)
 <LI><a href="#[1a2]">AL_MoldThick</a> from actconf.o(i.AL_MoldThick) referenced from actconf.o(.constdata)
 <LI><a href="#[16e]">AL_MoldThick_AMA</a> from actconf.o(i.AL_MoldThick_AMA) referenced from actconf.o(.constdata)
 <LI><a href="#[d9]">AL_MoldThick_AMP</a> from actconf.o(i.AL_MoldThick_AMP) referenced from actconf.o(i.MCHPPresHold_MoldCls)
 <LI><a href="#[170]">AL_MoldThick_AMT</a> from actconf.o(i.AL_MoldThick_AMT) referenced from actconf.o(.constdata)
 <LI><a href="#[1a1]">AL_MoldThin</a> from actconf.o(i.AL_MoldThin) referenced from actconf.o(.constdata)
 <LI><a href="#[16c]">AL_MoldThin_AMA</a> from actconf.o(i.AL_MoldThin_AMA) referenced 2 times from actconf.o(.constdata)
 <LI><a href="#[d8]">AL_MoldThin_AMP</a> from actconf.o(i.AL_MoldThin_AMP) referenced from actconf.o(.constdata)
 <LI><a href="#[d8]">AL_MoldThin_AMP</a> from actconf.o(i.AL_MoldThin_AMP) referenced from actconf.o(i.MCHPPresHold_MoldCls)
 <LI><a href="#[16f]">AL_MoldThin_AMT</a> from actconf.o(i.AL_MoldThin_AMT) referenced from actconf.o(.constdata)
 <LI><a href="#[13a]">AL_MotDrvOff</a> from actconf.o(i.AL_MotDrvOff) referenced from actconf.o(.constdata)
 <LI><a href="#[139]">AL_MotorOff</a> from actconf.o(i.AL_MotorOff) referenced 3 times from actconf.o(.constdata)
 <LI><a href="#[1bb]">AL_MotorOn</a> from actconf.o(i.AL_MotorOn) referenced from actconf.o(.constdata)
 <LI><a href="#[5]">AL_NozFor</a> from actconf.o(i.AL_NozFor) referenced 2 times from actconf.o(.constdata)
 <LI><a href="#[5]">AL_NozFor</a> from actconf.o(i.AL_NozFor) referenced 2 times from actconf.o(.data)
 <LI><a href="#[12d]">AL_NozRet</a> from actconf.o(i.AL_NozRet) referenced 4 times from actconf.o(.constdata)
 <LI><a href="#[b]">AL_NozRetAftChg</a> from actconf.o(i.AL_NozRetAftChg) referenced from actconf.o(.constdata)
 <LI><a href="#[b]">AL_NozRetAftChg</a> from actconf.o(i.AL_NozRetAftChg) referenced 2 times from actconf.o(.data)
 <LI><a href="#[7]">AL_NozRetAftInj</a> from actconf.o(i.AL_NozRetAftInj) referenced from actconf.o(.constdata)
 <LI><a href="#[7]">AL_NozRetAftInj</a> from actconf.o(i.AL_NozRetAftInj) referenced 2 times from actconf.o(.data)
 <LI><a href="#[e]">AL_NozRetBefMO</a> from actconf.o(i.AL_NozRetBefMO) referenced from actconf.o(.constdata)
 <LI><a href="#[e]">AL_NozRetBefMO</a> from actconf.o(i.AL_NozRetBefMO) referenced 2 times from actconf.o(.data)
 <LI><a href="#[10d]">AL_NozSGCls</a> from actconf.o(i.AL_NozSGCls) referenced from actconf.o(.constdata)
 <LI><a href="#[117]">AL_NozzleOff</a> from actconf.o(i.AL_NozzleOff) referenced 2 times from actconf.o(.constdata)
 <LI><a href="#[10f]">AL_NozzleOn</a> from actconf.o(i.AL_NozzleOn) referenced from actconf.o(.constdata)
 <LI><a href="#[138]">AL_OilHtr</a> from actconf.o(i.AL_OilHtr) referenced from actconf.o(.constdata)
 <LI><a href="#[144]">AL_ParaAir</a> from actconf.o(i.AL_ParaAir) referenced 2 times from actconf.o(.constdata)
 <LI><a href="#[137]">AL_PilotOilAcc</a> from actconf.o(i.AL_PilotOilAcc) referenced 4 times from actconf.o(.constdata)
 <LI><a href="#[147]">AL_PrgCharge</a> from actconf.o(i.AL_PrgCharge) referenced from actconf.o(.constdata)
 <LI><a href="#[149]">AL_PrgInject</a> from actconf.o(i.AL_PrgInject) referenced from actconf.o(.constdata)
 <LI><a href="#[148]">AL_PrgSuckBack</a> from actconf.o(i.AL_PrgSuckBack) referenced from actconf.o(.constdata)
 <LI><a href="#[1a3]">AL_Purge</a> from actconf.o(i.AL_Purge) referenced from actconf.o(.constdata)
 <LI><a href="#[111]">AL_ReCharge</a> from actconf.o(i.AL_ReCharge) referenced from actconf.o(.constdata)
 <LI><a href="#[19a]">AL_RelPres</a> from actconf.o(i.AL_RelPres) referenced from actconf.o(.constdata)
 <LI><a href="#[154]">AL_RobotCycStart</a> from actconf.o(i.AL_RobotCycStart) referenced from actconf.o(.constdata)
 <LI><a href="#[15b]">AL_RobotWaitChk_CoreInStart</a> from actconf.o(i.AL_RobotWaitChk_CoreInStart) referenced from actconf.o(.constdata)
 <LI><a href="#[15e]">AL_RobotWaitChk_CoreOutStart</a> from actconf.o(i.AL_RobotWaitChk_CoreOutStart) referenced 2 times from actconf.o(.constdata)
 <LI><a href="#[dd]">AL_RobotWaitChk_EjeForStart</a> from actconf.o(i.AL_RobotWaitChk_EjeForStart) referenced from actconf.o(.constdata)
 <LI><a href="#[dd]">AL_RobotWaitChk_EjeForStart</a> from actconf.o(i.AL_RobotWaitChk_EjeForStart) referenced from actconf.o(i.RobotPcs_EjeFor)
 <LI><a href="#[de]">AL_RobotWaitChk_EjeRetStart</a> from actconf.o(i.AL_RobotWaitChk_EjeRetStart) referenced from actconf.o(.constdata)
 <LI><a href="#[de]">AL_RobotWaitChk_EjeRetStart</a> from actconf.o(i.AL_RobotWaitChk_EjeRetStart) referenced from actconf.o(i.RobotPcs_EjeFor)
 <LI><a href="#[ff]">AL_RobotWaitChk_MoldClsStart</a> from actconf.o(i.AL_RobotWaitChk_MoldClsStart) referenced from actconf.o(.constdata)
 <LI><a href="#[db]">AL_RobotWaitChk_MoldOpenMidRobotWait</a> from actconf.o(i.AL_RobotWaitChk_MoldOpenMidRobotWait) referenced from actconf.o(.constdata)
 <LI><a href="#[db]">AL_RobotWaitChk_MoldOpenMidRobotWait</a> from actconf.o(i.AL_RobotWaitChk_MoldOpenMidRobotWait) referenced from actconf.o(i.RobotOutPcs_MoldOpen)
 <LI><a href="#[106]">AL_RobotWaitChk_MoldOpenStart</a> from actconf.o(i.AL_RobotWaitChk_MoldOpenStart) referenced from actconf.o(.constdata)
 <LI><a href="#[dc]">AL_RobotWaitTi</a> from actconf.o(i.AL_RobotWaitTi) referenced from actconf.o(i.RobotOutPcs_MoldOpen)
 <LI><a href="#[fe]">AL_SafeGateCls</a> from actconf.o(i.AL_SafeGateCls) referenced from actconf.o(.constdata)
 <LI><a href="#[153]">AL_SafeGateOpenCls</a> from actconf.o(i.AL_SafeGateOpenCls) referenced 5 times from actconf.o(.constdata)
 <LI><a href="#[fa]">AL_SafeRelayRstChk</a> from actconf.o(i.AL_SafeRelayRstChk) referenced from actconf.o(.constdata)
 <LI><a href="#[157]">AL_SenrAutoCycEnd</a> from actconf.o(i.AL_SenrAutoCycEnd) referenced from actconf.o(.constdata)
 <LI><a href="#[10b]">AL_Srw1EndOut</a> from actconf.o(i.AL_Srw1EndOut) referenced from actconf.o(.constdata)
 <LI><a href="#[110]">AL_StartAirInj</a> from actconf.o(i.AL_StartAirInj) referenced from actconf.o(.constdata)
 <LI><a href="#[107]">AL_StartParaAir</a> from actconf.o(i.AL_StartParaAir) referenced from actconf.o(.constdata)
 <LI><a href="#[19b]">AL_SteamInj</a> from actconf.o(i.AL_SteamInj) referenced 2 times from actconf.o(.constdata)
 <LI><a href="#[11a]">AL_SuckBack</a> from actconf.o(i.AL_SuckBack) referenced 2 times from actconf.o(.constdata)
 <LI><a href="#[a]">AL_SuckBackAftChg</a> from actconf.o(i.AL_SuckBackAftChg) referenced 2 times from actconf.o(.constdata)
 <LI><a href="#[a]">AL_SuckBackAftChg</a> from actconf.o(i.AL_SuckBackAftChg) referenced 2 times from actconf.o(.data)
 <LI><a href="#[d]">AL_SuckBackAftCool</a> from actconf.o(i.AL_SuckBackAftCool) referenced from actconf.o(.constdata)
 <LI><a href="#[d]">AL_SuckBackAftCool</a> from actconf.o(i.AL_SuckBackAftCool) referenced 2 times from actconf.o(.data)
 <LI><a href="#[118]">AL_SuckBackBefChg</a> from actconf.o(i.AL_SuckBackBefChg) referenced from actconf.o(.constdata)
 <LI><a href="#[187]">AL_SysStop</a> from actconf.o(i.AL_SysStop) referenced from actconf.o(.constdata)
 <LI><a href="#[19d]">AL_TieBarIn</a> from actconf.o(i.AL_TieBarIn) referenced from actconf.o(.constdata)
 <LI><a href="#[19e]">AL_TieBarOut</a> from actconf.o(i.AL_TieBarOut) referenced from actconf.o(.constdata)
 <LI><a href="#[140]">AU_AccAtCool</a> from actconf.o(i.AU_AccAtCool) referenced 2 times from actconf.o(.constdata)
 <LI><a href="#[164]">AU_AccBefInj</a> from actconf.o(i.AU_AccBefInj) referenced from actconf.o(.constdata)
 <LI><a href="#[143]">AU_AirInj</a> from actconf.o(i.AU_AirInj) referenced from actconf.o(.constdata)
 <LI><a href="#[fc]">AU_AutoGateCls</a> from actconf.o(i.AU_AutoGateCls) referenced from actconf.o(.constdata)
 <LI><a href="#[fd]">AU_AutoGateOpen</a> from actconf.o(i.AU_AutoGateOpen) referenced 2 times from actconf.o(.constdata)
 <LI><a href="#[174]">AU_BMCFeedIn</a> from actconf.o(i.AU_BMCFeedIn) referenced from actconf.o(.constdata)
 <LI><a href="#[176]">AU_BMCFeedInLink</a> from actconf.o(i.AU_BMCFeedInLink) referenced from actconf.o(.constdata)
 <LI><a href="#[175]">AU_BMCFeedOut</a> from actconf.o(i.AU_BMCFeedOut) referenced from actconf.o(.constdata)
 <LI><a href="#[17b]">AU_BrkIn</a> from actconf.o(i.AU_BrkIn) referenced from actconf.o(.constdata)
 <LI><a href="#[17c]">AU_BrkOut</a> from actconf.o(i.AU_BrkOut) referenced from actconf.o(.constdata)
 <LI><a href="#[119]">AU_Charge</a> from actconf.o(i.AU_Charge) referenced from actconf.o(.constdata)
 <LI><a href="#[11b]">AU_Charge_AM</a> from actconf.o(i.AU_Charge_AM) referenced from actconf.o(.constdata)
 <LI><a href="#[13f]">AU_ChgCool</a> from actconf.o(i.AU_ChgCool) referenced from actconf.o(.constdata)
 <LI><a href="#[141]">AU_CoolEndWait</a> from actconf.o(i.AU_CoolEndWait) referenced from actconf.o(.constdata)
 <LI><a href="#[163]">AU_Core1Out_S0</a> from actconf.o(i.AU_Core1Out_S0) referenced from actconf.o(.constdata)
 <LI><a href="#[15c]">AU_CoreIn</a> from actconf.o(i.AU_CoreIn) referenced 8 times from actconf.o(.constdata)
 <LI><a href="#[161]">AU_CoreLinkWait</a> from actconf.o(i.AU_CoreLinkWait) referenced from actconf.o(.constdata)
 <LI><a href="#[15f]">AU_CoreOut</a> from actconf.o(i.AU_CoreOut) referenced 8 times from actconf.o(.constdata)
 <LI><a href="#[158]">AU_CycDly</a> from actconf.o(i.AU_CycDly) referenced from actconf.o(.constdata)
 <LI><a href="#[156]">AU_CycEndCnt</a> from actconf.o(i.AU_CycEndCnt) referenced from actconf.o(.constdata)
 <LI><a href="#[152]">AU_CycStartKey</a> from actconf.o(i.AU_CycStartKey) referenced from actconf.o(.constdata)
 <LI><a href="#[168]">AU_DPNozzleOff</a> from actconf.o(i.AU_DPNozzleOff) referenced from actconf.o(.constdata)
 <LI><a href="#[166]">AU_DPNozzleOn</a> from actconf.o(i.AU_DPNozzleOn) referenced from actconf.o(.constdata)
 <LI><a href="#[172]">AU_EjeCutHandle</a> from actconf.o(i.AU_EjeCutHandle) referenced from actconf.o(.constdata)
 <LI><a href="#[126]">AU_EjeFor1PauseTi</a> from actconf.o(i.AU_EjeFor1PauseTi) referenced from actconf.o(.constdata)
 <LI><a href="#[125]">AU_EjeForLinkWait</a> from actconf.o(i.AU_EjeForLinkWait) referenced from actconf.o(.constdata)
 <LI><a href="#[121]">AU_EjectFor</a> from actconf.o(i.AU_EjectFor) referenced from actconf.o(.constdata)
 <LI><a href="#[123]">AU_EjectForLink</a> from actconf.o(i.AU_EjectForLink) referenced from actconf.o(.constdata)
 <LI><a href="#[124]">AU_EjectForLinkEndCore</a> from actconf.o(i.AU_EjectForLinkEndCore) referenced from actconf.o(.constdata)
 <LI><a href="#[122]">AU_EjectFor_AM</a> from actconf.o(i.AU_EjectFor_AM) referenced from actconf.o(.constdata)
 <LI><a href="#[127]">AU_EjectRet</a> from actconf.o(i.AU_EjectRet) referenced from actconf.o(.constdata)
 <LI><a href="#[128]">AU_EjectRet_AM</a> from actconf.o(i.AU_EjectRet_AM) referenced from actconf.o(.constdata)
 <LI><a href="#[171]">AU_ExhaustDly</a> from actconf.o(i.AU_ExhaustDly) referenced 2 times from actconf.o(.constdata)
 <LI><a href="#[155]">AU_FlowGroupEndChk</a> from actconf.o(i.AU_FlowGroupEndChk) referenced from actconf.o(.constdata)
 <LI><a href="#[114]">AU_InjBefNozFor</a> from actconf.o(i.AU_InjBefNozFor) referenced from actconf.o(.constdata)
 <LI><a href="#[116]">AU_InjComp</a> from actconf.o(i.AU_InjComp) referenced from actconf.o(.constdata)
 <LI><a href="#[112]">AU_Inject</a> from actconf.o(i.AU_Inject) referenced from actconf.o(.constdata)
 <LI><a href="#[113]">AU_Inject_AM</a> from actconf.o(i.AU_Inject_AM) referenced from actconf.o(.constdata)
 <LI><a href="#[146]">AU_KeyAir</a> from actconf.o(i.AU_KeyAir) referenced 6 times from actconf.o(.constdata)
 <LI><a href="#[14a]">AU_KeyLubr</a> from actconf.o(i.AU_KeyLubr) referenced from actconf.o(.constdata)
 <LI><a href="#[15d]">AU_LinkCoreIn</a> from actconf.o(i.AU_LinkCoreIn) referenced 8 times from actconf.o(.constdata)
 <LI><a href="#[160]">AU_LinkCoreOut</a> from actconf.o(i.AU_LinkCoreOut) referenced 8 times from actconf.o(.constdata)
 <LI><a href="#[14b]">AU_Lubr1</a> from actconf.o(i.AU_Lubr1) referenced from actconf.o(.constdata)
 <LI><a href="#[14e]">AU_Lubr2</a> from actconf.o(i.AU_Lubr2) referenced from actconf.o(.constdata)
 <LI><a href="#[14c]">AU_Lubr2WaitLubr1</a> from actconf.o(i.AU_Lubr2WaitLubr1) referenced from actconf.o(.constdata)
 <LI><a href="#[151]">AU_MachProt</a> from actconf.o(i.AU_MachProt) referenced from actconf.o(.constdata)
 <LI><a href="#[14f]">AU_MoldAdjLubr</a> from actconf.o(i.AU_MoldAdjLubr) referenced from actconf.o(.constdata)
 <LI><a href="#[102]">AU_MoldCls</a> from actconf.o(i.AU_MoldCls) referenced from actconf.o(.constdata)
 <LI><a href="#[103]">AU_MoldClsAlg</a> from actconf.o(i.AU_MoldClsAlg) referenced from actconf.o(.constdata)
 <LI><a href="#[104]">AU_MoldCls_AM</a> from actconf.o(i.AU_MoldCls_AM) referenced from actconf.o(.constdata)
 <LI><a href="#[105]">AU_MoldCls_AMA</a> from actconf.o(i.AU_MoldCls_AMA) referenced from actconf.o(.constdata)
 <LI><a href="#[108]">AU_MoldOpen</a> from actconf.o(i.AU_MoldOpen) referenced from actconf.o(.constdata)
 <LI><a href="#[109]">AU_MoldOpenAlg</a> from actconf.o(i.AU_MoldOpenAlg) referenced from actconf.o(.constdata)
 <LI><a href="#[10a]">AU_MoldOpen_AM</a> from actconf.o(i.AU_MoldOpen_AM) referenced from actconf.o(.constdata)
 <LI><a href="#[10c]">AU_MoldOpen_AMA</a> from actconf.o(i.AU_MoldOpen_AMA) referenced from actconf.o(.constdata)
 <LI><a href="#[132]">AU_MoldThick</a> from actconf.o(i.AU_MoldThick) referenced from actconf.o(.constdata)
 <LI><a href="#[133]">AU_MoldThick_AMA</a> from actconf.o(i.AU_MoldThick_AMA) referenced from actconf.o(.constdata)
 <LI><a href="#[135]">AU_MoldThick_AMP</a> from actconf.o(i.AU_MoldThick_AMP) referenced from actconf.o(.constdata)
 <LI><a href="#[134]">AU_MoldThick_AMT</a> from actconf.o(i.AU_MoldThick_AMT) referenced from actconf.o(.constdata)
 <LI><a href="#[12e]">AU_MoldThin</a> from actconf.o(i.AU_MoldThin) referenced from actconf.o(.constdata)
 <LI><a href="#[12f]">AU_MoldThin_AMA</a> from actconf.o(i.AU_MoldThin_AMA) referenced from actconf.o(.constdata)
 <LI><a href="#[131]">AU_MoldThin_AMP</a> from actconf.o(i.AU_MoldThin_AMP) referenced from actconf.o(.constdata)
 <LI><a href="#[130]">AU_MoldThin_AMT</a> from actconf.o(i.AU_MoldThin_AMT) referenced from actconf.o(.constdata)
 <LI><a href="#[13c]">AU_MotDrvOff</a> from actconf.o(i.AU_MotDrvOff) referenced from actconf.o(.constdata)
 <LI><a href="#[13b]">AU_MotorOff</a> from actconf.o(i.AU_MotorOff) referenced from actconf.o(.constdata)
 <LI><a href="#[136]">AU_MotorOn</a> from actconf.o(i.AU_MotorOn) referenced from actconf.o(.constdata)
 <LI><a href="#[129]">AU_NozFor</a> from actconf.o(i.AU_NozFor) referenced from actconf.o(.constdata)
 <LI><a href="#[12a]">AU_NozFor_AM</a> from actconf.o(i.AU_NozFor_AM) referenced from actconf.o(.constdata)
 <LI><a href="#[12b]">AU_NozRet</a> from actconf.o(i.AU_NozRet) referenced from actconf.o(.constdata)
 <LI><a href="#[12c]">AU_NozRet_AM</a> from actconf.o(i.AU_NozRet_AM) referenced from actconf.o(.constdata)
 <LI><a href="#[13e]">AU_NozSGCls</a> from actconf.o(i.AU_NozSGCls) referenced from actconf.o(.constdata)
 <LI><a href="#[13d]">AU_OilHtr</a> from actconf.o(i.AU_OilHtr) referenced from actconf.o(.constdata)
 <LI><a href="#[145]">AU_ParaAir</a> from actconf.o(i.AU_ParaAir) referenced from actconf.o(.constdata)
 <LI><a href="#[173]">AU_PilotOilAcc</a> from actconf.o(i.AU_PilotOilAcc) referenced from actconf.o(.constdata)
 <LI><a href="#[11d]">AU_PrgCharge</a> from actconf.o(i.AU_PrgCharge) referenced from actconf.o(.constdata)
 <LI><a href="#[115]">AU_PrgInject</a> from actconf.o(i.AU_PrgInject) referenced from actconf.o(.constdata)
 <LI><a href="#[120]">AU_PrgSuckBack</a> from actconf.o(i.AU_PrgSuckBack) referenced from actconf.o(.constdata)
 <LI><a href="#[159]">AU_ProdDrop</a> from actconf.o(i.AU_ProdDrop) referenced 2 times from actconf.o(.constdata)
 <LI><a href="#[11c]">AU_ReCharge</a> from actconf.o(i.AU_ReCharge) referenced from actconf.o(.constdata)
 <LI><a href="#[177]">AU_RelPres</a> from actconf.o(i.AU_RelPres) referenced from actconf.o(.constdata)
 <LI><a href="#[16a]">AU_RobotWait</a> from actconf.o(i.AU_RobotWait) referenced from actconf.o(.constdata)
 <LI><a href="#[169]">AU_RobotWaitTi</a> from actconf.o(i.AU_RobotWaitTi) referenced from actconf.o(.constdata)
 <LI><a href="#[167]">AU_SPNozzleOff</a> from actconf.o(i.AU_SPNozzleOff) referenced from actconf.o(.constdata)
 <LI><a href="#[165]">AU_SPNozzleOn</a> from actconf.o(i.AU_SPNozzleOn) referenced from actconf.o(.constdata)
 <LI><a href="#[f8]">AU_SafeGateCls</a> from actconf.o(i.AU_SafeGateCls) referenced 2 times from actconf.o(.constdata)
 <LI><a href="#[f9]">AU_SafeGateOpenCls</a> from actconf.o(i.AU_SafeGateOpenCls) referenced from actconf.o(.constdata)
 <LI><a href="#[15a]">AU_SafeRelayRstChk</a> from actconf.o(i.AU_SafeRelayRstChk) referenced from actconf.o(.constdata)
 <LI><a href="#[162]">AU_SrwEndOut</a> from actconf.o(i.AU_SrwEndOut) referenced from actconf.o(.constdata)
 <LI><a href="#[178]">AU_SteamInj</a> from actconf.o(i.AU_SteamInj) referenced from actconf.o(.constdata)
 <LI><a href="#[11e]">AU_SuckBack</a> from actconf.o(i.AU_SuckBack) referenced 4 times from actconf.o(.constdata)
 <LI><a href="#[11f]">AU_SuckBack_AM</a> from actconf.o(i.AU_SuckBack_AM) referenced from actconf.o(.constdata)
 <LI><a href="#[150]">AU_SysStop</a> from actconf.o(i.AU_SysStop) referenced from actconf.o(.constdata)
 <LI><a href="#[179]">AU_TieBarIn</a> from actconf.o(i.AU_TieBarIn) referenced from actconf.o(.constdata)
 <LI><a href="#[17a]">AU_TieBarOut</a> from actconf.o(i.AU_TieBarOut) referenced from actconf.o(.constdata)
 <LI><a href="#[0]">Act_Null</a> from action.o(i.Act_Null) referenced 87 times from code.o(.constdata)
 <LI><a href="#[0]">Act_Null</a> from action.o(i.Act_Null) referenced 2 times from scheduler.o(.data)
 <LI><a href="#[0]">Act_Null</a> from action.o(i.Act_Null) referenced from action.o(i.Action_Init)
 <LI><a href="#[0]">Act_Null</a> from action.o(i.Act_Null) referenced from action.o(i.GetCodeActFun)
 <LI><a href="#[0]">Act_Null</a> from action.o(i.Act_Null) referenced from scheduler.o(i.Scheduler_Init)
 <LI><a href="#[96]">BDMA_Channel0_IRQHandler</a> from startup_stm32h743xx.o(.text) referenced from startup_stm32h743xx.o(RESET)
 <LI><a href="#[97]">BDMA_Channel1_IRQHandler</a> from startup_stm32h743xx.o(.text) referenced from startup_stm32h743xx.o(RESET)
 <LI><a href="#[98]">BDMA_Channel2_IRQHandler</a> from startup_stm32h743xx.o(.text) referenced from startup_stm32h743xx.o(RESET)
 <LI><a href="#[99]">BDMA_Channel3_IRQHandler</a> from startup_stm32h743xx.o(.text) referenced from startup_stm32h743xx.o(RESET)
 <LI><a href="#[9a]">BDMA_Channel4_IRQHandler</a> from startup_stm32h743xx.o(.text) referenced from startup_stm32h743xx.o(RESET)
 <LI><a href="#[9b]">BDMA_Channel5_IRQHandler</a> from startup_stm32h743xx.o(.text) referenced from startup_stm32h743xx.o(RESET)
 <LI><a href="#[9c]">BDMA_Channel6_IRQHandler</a> from startup_stm32h743xx.o(.text) referenced from startup_stm32h743xx.o(RESET)
 <LI><a href="#[9d]">BDMA_Channel7_IRQHandler</a> from startup_stm32h743xx.o(.text) referenced from startup_stm32h743xx.o(RESET)
 <LI><a href="#[17]">BusFault_Handler</a> from startup_stm32h743xx.o(.text) referenced from startup_stm32h743xx.o(RESET)
 <LI><a href="#[75]">CEC_IRQHandler</a> from startup_stm32h743xx.o(.text) referenced from startup_stm32h743xx.o(RESET)
 <LI><a href="#[f3]">CEjeCntChk</a> from actconf.o(i.CEjeCntChk) referenced 2 times from actconf.o(.constdata)
 <LI><a href="#[9e]">COMP1_IRQHandler</a> from startup_stm32h743xx.o(.text) referenced from startup_stm32h743xx.o(RESET)
 <LI><a href="#[a4]">CRS_IRQHandler</a> from startup_stm32h743xx.o(.text) referenced from startup_stm32h743xx.o(RESET)
 <LI><a href="#[ac]">CanModuleRec_IRQ</a> from canmodule_drv.o(i.CanModuleRec_IRQ) referenced from canmodule_drv.o(i.CanModule_Drv_Init)
 <LI><a href="#[ad]">CanModuleSend_IRQ</a> from canmodule_drv.o(i.CanModuleSend_IRQ) referenced from canmodule_drv.o(i.CanModule_Drv_Init)
 <LI><a href="#[ae]">CanOpen1Rece_IRQ</a> from canopen_drv.o(i.CanOpen1Rece_IRQ) referenced from canopen_drv.o(i.CanOpenDrv_Init)
 <LI><a href="#[af]">CanOpen1Send_IRQ</a> from canopen_drv.o(i.CanOpen1Send_IRQ) referenced from canopen_drv.o(i.CanOpenDrv_Init)
 <LI><a href="#[b0]">CanOpen2Rece_IRQ</a> from canopen_drv.o(i.CanOpen2Rece_IRQ) referenced from canopen_drv.o(i.CanOpenDrv_Init)
 <LI><a href="#[b1]">CanOpen2Send_IRQ</a> from canopen_drv.o(i.CanOpen2Send_IRQ) referenced from canopen_drv.o(i.CanOpenDrv_Init)
 <LI><a href="#[f2]">CntCal_DispTi</a> from actconf.o(i.CntCal_DispTi) referenced 6 times from actconf.o(.constdata)
 <LI><a href="#[66]">DCMI_IRQHandler</a> from startup_stm32h743xx.o(.text) referenced from startup_stm32h743xx.o(RESET)
 <LI><a href="#[85]">DFSDM1_FLT0_IRQHandler</a> from startup_stm32h743xx.o(.text) referenced from startup_stm32h743xx.o(RESET)
 <LI><a href="#[86]">DFSDM1_FLT1_IRQHandler</a> from startup_stm32h743xx.o(.text) referenced from startup_stm32h743xx.o(RESET)
 <LI><a href="#[87]">DFSDM1_FLT2_IRQHandler</a> from startup_stm32h743xx.o(.text) referenced from startup_stm32h743xx.o(RESET)
 <LI><a href="#[88]">DFSDM1_FLT3_IRQHandler</a> from startup_stm32h743xx.o(.text) referenced from startup_stm32h743xx.o(RESET)
 <LI><a href="#[28]">DMA1_Stream0_IRQHandler</a> from startup_stm32h743xx.o(.text) referenced from startup_stm32h743xx.o(RESET)
 <LI><a href="#[29]">DMA1_Stream1_IRQHandler</a> from startup_stm32h743xx.o(.text) referenced from startup_stm32h743xx.o(RESET)
 <LI><a href="#[2a]">DMA1_Stream2_IRQHandler</a> from startup_stm32h743xx.o(.text) referenced from startup_stm32h743xx.o(RESET)
 <LI><a href="#[2b]">DMA1_Stream3_IRQHandler</a> from startup_stm32h743xx.o(.text) referenced from startup_stm32h743xx.o(RESET)
 <LI><a href="#[2c]">DMA1_Stream4_IRQHandler</a> from startup_stm32h743xx.o(.text) referenced from startup_stm32h743xx.o(RESET)
 <LI><a href="#[2d]">DMA1_Stream5_IRQHandler</a> from startup_stm32h743xx.o(.text) referenced from startup_stm32h743xx.o(RESET)
 <LI><a href="#[2e]">DMA1_Stream6_IRQHandler</a> from startup_stm32h743xx.o(.text) referenced from startup_stm32h743xx.o(RESET)
 <LI><a href="#[4b]">DMA1_Stream7_IRQHandler</a> from startup_stm32h743xx.o(.text) referenced from startup_stm32h743xx.o(RESET)
 <LI><a href="#[71]">DMA2D_IRQHandler</a> from startup_stm32h743xx.o(.text) referenced from startup_stm32h743xx.o(RESET)
 <LI><a href="#[54]">DMA2_Stream0_IRQHandler</a> from startup_stm32h743xx.o(.text) referenced from startup_stm32h743xx.o(RESET)
 <LI><a href="#[55]">DMA2_Stream1_IRQHandler</a> from startup_stm32h743xx.o(.text) referenced from startup_stm32h743xx.o(RESET)
 <LI><a href="#[56]">DMA2_Stream2_IRQHandler</a> from startup_stm32h743xx.o(.text) referenced from startup_stm32h743xx.o(RESET)
 <LI><a href="#[57]">DMA2_Stream3_IRQHandler</a> from startup_stm32h743xx.o(.text) referenced from startup_stm32h743xx.o(RESET)
 <LI><a href="#[58]">DMA2_Stream4_IRQHandler</a> from startup_stm32h743xx.o(.text) referenced from startup_stm32h743xx.o(RESET)
 <LI><a href="#[5c]">DMA2_Stream5_IRQHandler</a> from startup_stm32h743xx.o(.text) referenced from startup_stm32h743xx.o(RESET)
 <LI><a href="#[5d]">DMA2_Stream6_IRQHandler</a> from startup_stm32h743xx.o(.text) referenced from startup_stm32h743xx.o(RESET)
 <LI><a href="#[5e]">DMA2_Stream7_IRQHandler</a> from startup_stm32h743xx.o(.text) referenced from startup_stm32h743xx.o(RESET)
 <LI><a href="#[7d]">DMAMUX1_OVR_IRQHandler</a> from startup_stm32h743xx.o(.text) referenced from startup_stm32h743xx.o(RESET)
 <LI><a href="#[95]">DMAMUX2_OVR_IRQHandler</a> from startup_stm32h743xx.o(.text) referenced from startup_stm32h743xx.o(RESET)
 <LI><a href="#[1a]">DebugMon_Handler</a> from startup_stm32h743xx.o(.text) referenced from startup_stm32h743xx.o(RESET)
 <LI><a href="#[f1]">DispCnt</a> from actconf.o(i.DispCnt) referenced 6 times from actconf.o(.constdata)
 <LI><a href="#[a5]">ECC_IRQHandler</a> from startup_stm32h743xx.o(.text) referenced from startup_stm32h743xx.o(RESET)
 <LI><a href="#[b2]">ESSDCan_IRQ</a> from essd_drv.o(i.ESSDCan_IRQ) referenced from essd_drv.o(i.ESSD_Drv_Init)
 <LI><a href="#[59]">ETH_IRQHandler</a> from startup_stm32h743xx.o(.text) referenced from startup_stm32h743xx.o(RESET)
 <LI><a href="#[5a]">ETH_WKUP_IRQHandler</a> from startup_stm32h743xx.o(.text) referenced from startup_stm32h743xx.o(RESET)
 <LI><a href="#[23]">EXTI0_IRQHandler</a> from startup_stm32h743xx.o(.text) referenced from startup_stm32h743xx.o(RESET)
 <LI><a href="#[45]">EXTI15_10_IRQHandler</a> from startup_stm32h743xx.o(.text) referenced from startup_stm32h743xx.o(RESET)
 <LI><a href="#[24]">EXTI1_IRQHandler</a> from startup_stm32h743xx.o(.text) referenced from startup_stm32h743xx.o(RESET)
 <LI><a href="#[25]">EXTI2_IRQHandler</a> from startup_stm32h743xx.o(.text) referenced from startup_stm32h743xx.o(RESET)
 <LI><a href="#[26]">EXTI3_IRQHandler</a> from startup_stm32h743xx.o(.text) referenced from startup_stm32h743xx.o(RESET)
 <LI><a href="#[27]">EXTI4_IRQHandler</a> from startup_stm32h743xx.o(.text) referenced from startup_stm32h743xx.o(RESET)
 <LI><a href="#[34]">EXTI9_5_IRQHandler</a> from startup_stm32h743xx.o(.text) referenced from startup_stm32h743xx.o(RESET)
 <LI><a href="#[b3]">EuRaSDPDO1Fun</a> from eurasd_drv.o(i.EuRaSDPDO1Fun) referenced from eurasd_drv.o(i.EuRaSD_Drv_Init)
 <LI><a href="#[30]">FDCAN1_IT0_IRQHandler</a> from startup_stm32h743xx.o(.text) referenced from startup_stm32h743xx.o(RESET)
 <LI><a href="#[32]">FDCAN1_IT1_IRQHandler</a> from startup_stm32h743xx.o(.text) referenced from startup_stm32h743xx.o(RESET)
 <LI><a href="#[31]">FDCAN2_IT0_IRQHandler</a> from startup_stm32h743xx.o(.text) referenced from startup_stm32h743xx.o(RESET)
 <LI><a href="#[33]">FDCAN2_IT1_IRQHandler</a> from startup_stm32h743xx.o(.text) referenced from startup_stm32h743xx.o(RESET)
 <LI><a href="#[5b]">FDCAN_CAL_IRQHandler</a> from startup_stm32h743xx.o(.text) referenced from startup_stm32h743xx.o(RESET)
 <LI><a href="#[21]">FLASH_IRQHandler</a> from startup_stm32h743xx.o(.text) referenced from startup_stm32h743xx.o(RESET)
 <LI><a href="#[4c]">FMC_IRQHandler</a> from startup_stm32h743xx.o(.text) referenced from startup_stm32h743xx.o(RESET)
 <LI><a href="#[68]">FPU_IRQHandler</a> from startup_stm32h743xx.o(.text) referenced from startup_stm32h743xx.o(RESET)
 <LI><a href="#[18d]">Get_EjetRet2End</a> from actconf.o(i.Get_EjetRet2End) referenced from actconf.o(.constdata)
 <LI><a href="#[190]">Get_R_CycStart</a> from actconf.o(i.Get_R_CycStart) referenced from actconf.o(.constdata)
 <LI><a href="#[18b]">Get_R_EnClamp</a> from actconf.o(i.Get_R_EnClamp) referenced from actconf.o(.constdata)
 <LI><a href="#[191]">Get_R_EnCoreIn</a> from actconf.o(i.Get_R_EnCoreIn) referenced from actconf.o(.constdata)
 <LI><a href="#[192]">Get_R_EnCoreOut</a> from actconf.o(i.Get_R_EnCoreOut) referenced from actconf.o(.constdata)
 <LI><a href="#[194]">Get_R_EnEjeFor</a> from actconf.o(i.Get_R_EnEjeFor) referenced from actconf.o(.constdata)
 <LI><a href="#[193]">Get_R_EnEjeRet</a> from actconf.o(i.Get_R_EnEjeRet) referenced from actconf.o(.constdata)
 <LI><a href="#[18f]">Get_R_EnFullMoldOpen</a> from actconf.o(i.Get_R_EnFullMoldOpen) referenced from actconf.o(.constdata)
 <LI><a href="#[18e]">Get_R_EnMoldOpen</a> from actconf.o(i.Get_R_EnMoldOpen) referenced from actconf.o(.constdata)
 <LI><a href="#[18c]">Get_R_MoldAreaFree</a> from actconf.o(i.Get_R_MoldAreaFree) referenced 2 times from actconf.o(.constdata)
 <LI><a href="#[18a]">Get_R_RobotRetEnd</a> from actconf.o(i.Get_R_RobotRetEnd) referenced from actconf.o(.constdata)
 <LI><a href="#[84]">HRTIM1_FLT_IRQHandler</a> from startup_stm32h743xx.o(.text) referenced from startup_stm32h743xx.o(RESET)
 <LI><a href="#[7e]">HRTIM1_Master_IRQHandler</a> from startup_stm32h743xx.o(.text) referenced from startup_stm32h743xx.o(RESET)
 <LI><a href="#[7f]">HRTIM1_TIMA_IRQHandler</a> from startup_stm32h743xx.o(.text) referenced from startup_stm32h743xx.o(RESET)
 <LI><a href="#[80]">HRTIM1_TIMB_IRQHandler</a> from startup_stm32h743xx.o(.text) referenced from startup_stm32h743xx.o(RESET)
 <LI><a href="#[81]">HRTIM1_TIMC_IRQHandler</a> from startup_stm32h743xx.o(.text) referenced from startup_stm32h743xx.o(RESET)
 <LI><a href="#[82]">HRTIM1_TIMD_IRQHandler</a> from startup_stm32h743xx.o(.text) referenced from startup_stm32h743xx.o(RESET)
 <LI><a href="#[83]">HRTIM1_TIME_IRQHandler</a> from startup_stm32h743xx.o(.text) referenced from startup_stm32h743xx.o(RESET)
 <LI><a href="#[93]">HSEM1_IRQHandler</a> from startup_stm32h743xx.o(.text) referenced from startup_stm32h743xx.o(RESET)
 <LI><a href="#[15]">HardFault_Handler</a> from startup_stm32h743xx.o(.text) referenced from startup_stm32h743xx.o(RESET)
 <LI><a href="#[d4]">HiM6PDO1Fun</a> from hilectrom6_drv.o(i.HiM6PDO1Fun) referenced from hilectrom6_drv.o(i.HiM6_Drv_Init)
 <LI><a href="#[d5]">HiSDPDO1Fun</a> from hilectrosd_drv.o(i.HiSDPDO1Fun) referenced from hilectrosd_drv.o(i.HiSD_Drv_Init)
 <LI><a href="#[393]">HiSdoOptParaReadFun</a> from hilectrosd_drv.o(i.HiSdoOptParaReadFun) referenced 2 times from hilectrosd_drv.o(i.HiSdoOptParaReadFun)
 <LI><a href="#[392]">HiSdoOptParaWriteFun</a> from hilectrosd_drv.o(i.HiSdoOptParaWriteFun) referenced from hilectrosd_drv.o(i.HiSdoOptParaWriteFun)
 <LI><a href="#[391]">HiSdoOptResAlamFun</a> from hilectrosd_drv.o(i.HiSdoOptResAlamFun) referenced 2 times from hilectrosd_drv.o(i.HiSdoOptResAlamFun)
 <LI><a href="#[3d]">I2C1_ER_IRQHandler</a> from startup_stm32h743xx.o(.text) referenced from startup_stm32h743xx.o(RESET)
 <LI><a href="#[3c]">I2C1_EV_IRQHandler</a> from startup_stm32h743xx.o(.text) referenced from startup_stm32h743xx.o(RESET)
 <LI><a href="#[3f]">I2C2_ER_IRQHandler</a> from startup_stm32h743xx.o(.text) referenced from startup_stm32h743xx.o(RESET)
 <LI><a href="#[3e]">I2C2_EV_IRQHandler</a> from startup_stm32h743xx.o(.text) referenced from startup_stm32h743xx.o(RESET)
 <LI><a href="#[61]">I2C3_ER_IRQHandler</a> from startup_stm32h743xx.o(.text) referenced from startup_stm32h743xx.o(RESET)
 <LI><a href="#[60]">I2C3_EV_IRQHandler</a> from startup_stm32h743xx.o(.text) referenced from startup_stm32h743xx.o(RESET)
 <LI><a href="#[77]">I2C4_ER_IRQHandler</a> from startup_stm32h743xx.o(.text) referenced from startup_stm32h743xx.o(RESET)
 <LI><a href="#[76]">I2C4_EV_IRQHandler</a> from startup_stm32h743xx.o(.text) referenced from startup_stm32h743xx.o(RESET)
 <LI><a href="#[90]">JPEG_IRQHandler</a> from startup_stm32h743xx.o(.text) referenced from startup_stm32h743xx.o(RESET)
 <LI><a href="#[d6]">KWhMeter_Can485Rec_IRQ</a> from kwhmeter_drv.o(i.KWhMeter_Can485Rec_IRQ) referenced from kwhmeter_drv.o(i.KWhMeter_Drv_Init)
 <LI><a href="#[d7]">KWhMeter_Can485Send_IRQ</a> from kwhmeter_drv.o(i.KWhMeter_Can485Send_IRQ) referenced from kwhmeter_drv.o(i.KWhMeter_Drv_Init)
 <LI><a href="#[74]">LPTIM1_IRQHandler</a> from startup_stm32h743xx.o(.text) referenced from startup_stm32h743xx.o(RESET)
 <LI><a href="#[9f]">LPTIM2_IRQHandler</a> from startup_stm32h743xx.o(.text) referenced from startup_stm32h743xx.o(RESET)
 <LI><a href="#[a0]">LPTIM3_IRQHandler</a> from startup_stm32h743xx.o(.text) referenced from startup_stm32h743xx.o(RESET)
 <LI><a href="#[a1]">LPTIM4_IRQHandler</a> from startup_stm32h743xx.o(.text) referenced from startup_stm32h743xx.o(RESET)
 <LI><a href="#[a2]">LPTIM5_IRQHandler</a> from startup_stm32h743xx.o(.text) referenced from startup_stm32h743xx.o(RESET)
 <LI><a href="#[a3]">LPUART1_IRQHandler</a> from startup_stm32h743xx.o(.text) referenced from startup_stm32h743xx.o(RESET)
 <LI><a href="#[70]">LTDC_ER_IRQHandler</a> from startup_stm32h743xx.o(.text) referenced from startup_stm32h743xx.o(RESET)
 <LI><a href="#[6f]">LTDC_IRQHandler</a> from startup_stm32h743xx.o(.text) referenced from startup_stm32h743xx.o(RESET)
 <LI><a href="#[f6]">Lubr1CntChk</a> from actconf.o(i.Lubr1CntChk) referenced from actconf.o(.constdata)
 <LI><a href="#[f7]">Lubr2CntChk</a> from actconf.o(i.Lubr2CntChk) referenced from actconf.o(.constdata)
 <LI><a href="#[8f]">MDIOS_IRQHandler</a> from startup_stm32h743xx.o(.text) referenced from startup_stm32h743xx.o(RESET)
 <LI><a href="#[8e]">MDIOS_WKUP_IRQHandler</a> from startup_stm32h743xx.o(.text) referenced from startup_stm32h743xx.o(RESET)
 <LI><a href="#[91]">MDMA_IRQHandler</a> from startup_stm32h743xx.o(.text) referenced from startup_stm32h743xx.o(RESET)
 <LI><a href="#[16]">MemManage_Handler</a> from startup_stm32h743xx.o(.text) referenced from startup_stm32h743xx.o(RESET)
 <LI><a href="#[ab]">MoldOpenEndPosMonDly</a> from actconf.o(i.MoldOpenEndPosMonDly) referenced from actconf.o(i.AU_MoldOpen)
 <LI><a href="#[ab]">MoldOpenEndPosMonDly</a> from actconf.o(i.MoldOpenEndPosMonDly) referenced from actconf.o(i.AU_MoldOpenAlg)
 <LI><a href="#[f5]">MotorOnRlyOut</a> from actconf.o(i.MotorOnRlyOut) referenced from actconf.o(.constdata)
 <LI><a href="#[14]">NMI_Handler</a> from startup_stm32h743xx.o(.text) referenced from startup_stm32h743xx.o(RESET)
 <LI><a href="#[7a]">OTG_FS_EP1_IN_IRQHandler</a> from startup_stm32h743xx.o(.text) referenced from startup_stm32h743xx.o(RESET)
 <LI><a href="#[79]">OTG_FS_EP1_OUT_IRQHandler</a> from startup_stm32h743xx.o(.text) referenced from startup_stm32h743xx.o(RESET)
 <LI><a href="#[7c]">OTG_FS_IRQHandler</a> from startup_stm32h743xx.o(.text) referenced from startup_stm32h743xx.o(RESET)
 <LI><a href="#[7b]">OTG_FS_WKUP_IRQHandler</a> from startup_stm32h743xx.o(.text) referenced from startup_stm32h743xx.o(RESET)
 <LI><a href="#[63]">OTG_HS_EP1_IN_IRQHandler</a> from startup_stm32h743xx.o(.text) referenced from startup_stm32h743xx.o(RESET)
 <LI><a href="#[62]">OTG_HS_EP1_OUT_IRQHandler</a> from startup_stm32h743xx.o(.text) referenced from startup_stm32h743xx.o(RESET)
 <LI><a href="#[65]">OTG_HS_IRQHandler</a> from startup_stm32h743xx.o(.text) referenced from startup_stm32h743xx.o(RESET)
 <LI><a href="#[64]">OTG_HS_WKUP_IRQHandler</a> from startup_stm32h743xx.o(.text) referenced from startup_stm32h743xx.o(RESET)
 <LI><a href="#[1e]">PVD_AVD_IRQHandler</a> from startup_stm32h743xx.o(.text) referenced from startup_stm32h743xx.o(RESET)
 <LI><a href="#[1b]">PendSV_Handler</a> from startup_stm32h743xx.o(.text) referenced from startup_stm32h743xx.o(RESET)
 <LI><a href="#[73]">QUADSPI_IRQHandler</a> from startup_stm32h743xx.o(.text) referenced from startup_stm32h743xx.o(RESET)
 <LI><a href="#[22]">RCC_IRQHandler</a> from startup_stm32h743xx.o(.text) referenced from startup_stm32h743xx.o(RESET)
 <LI><a href="#[67]">RNG_IRQHandler</a> from startup_stm32h743xx.o(.text) referenced from startup_stm32h743xx.o(RESET)
 <LI><a href="#[46]">RTC_Alarm_IRQHandler</a> from startup_stm32h743xx.o(.text) referenced from startup_stm32h743xx.o(RESET)
 <LI><a href="#[20]">RTC_WKUP_IRQHandler</a> from startup_stm32h743xx.o(.text) referenced from startup_stm32h743xx.o(RESET)
 <LI><a href="#[13]">Reset_Handler</a> from startup_stm32h743xx.o(.text) referenced from startup_stm32h743xx.o(RESET)
 <LI><a href="#[da]">RobComPDO1Fun</a> from robotcommunication_drv.o(i.RobComPDO1Fun) referenced from robotcommunication_drv.o(i.RobotComm_Drv_Init)
 <LI><a href="#[6e]">SAI1_IRQHandler</a> from startup_stm32h743xx.o(.text) referenced from startup_stm32h743xx.o(RESET)
 <LI><a href="#[72]">SAI2_IRQHandler</a> from startup_stm32h743xx.o(.text) referenced from startup_stm32h743xx.o(RESET)
 <LI><a href="#[89]">SAI3_IRQHandler</a> from startup_stm32h743xx.o(.text) referenced from startup_stm32h743xx.o(RESET)
 <LI><a href="#[a6]">SAI4_IRQHandler</a> from startup_stm32h743xx.o(.text) referenced from startup_stm32h743xx.o(RESET)
 <LI><a href="#[4d]">SDMMC1_IRQHandler</a> from startup_stm32h743xx.o(.text) referenced from startup_stm32h743xx.o(RESET)
 <LI><a href="#[92]">SDMMC2_IRQHandler</a> from startup_stm32h743xx.o(.text) referenced from startup_stm32h743xx.o(RESET)
 <LI><a href="#[78]">SPDIF_RX_IRQHandler</a> from startup_stm32h743xx.o(.text) referenced from startup_stm32h743xx.o(RESET)
 <LI><a href="#[40]">SPI1_IRQHandler</a> from startup_stm32h743xx.o(.text) referenced from startup_stm32h743xx.o(RESET)
 <LI><a href="#[41]">SPI2_IRQHandler</a> from hadc_drv.o(i.SPI2_IRQHandler) referenced from startup_stm32h743xx.o(RESET)
 <LI><a href="#[4f]">SPI3_IRQHandler</a> from startup_stm32h743xx.o(.text) referenced from startup_stm32h743xx.o(RESET)
 <LI><a href="#[6b]">SPI4_IRQHandler</a> from startup_stm32h743xx.o(.text) referenced from startup_stm32h743xx.o(RESET)
 <LI><a href="#[6c]">SPI5_IRQHandler</a> from startup_stm32h743xx.o(.text) referenced from startup_stm32h743xx.o(RESET)
 <LI><a href="#[6d]">SPI6_IRQHandler</a> from startup_stm32h743xx.o(.text) referenced from startup_stm32h743xx.o(RESET)
 <LI><a href="#[19]">SVC_Handler</a> from startup_stm32h743xx.o(.text) referenced from startup_stm32h743xx.o(RESET)
 <LI><a href="#[8a]">SWPMI1_IRQHandler</a> from startup_stm32h743xx.o(.text) referenced from startup_stm32h743xx.o(RESET)
 <LI><a href="#[3fb]">SdoOptEnableDisableFun</a> from veichisd_drv.o(i.SdoOptEnableDisableFun) referenced from veichisd_drv.o(i.SdoOptEnableDisableFun)
 <LI><a href="#[3fc]">SdoOptParaReadFun</a> from veichisd_drv.o(i.SdoOptParaReadFun) referenced 2 times from veichisd_drv.o(i.SdoOptParaReadFun)
 <LI><a href="#[3fe]">SdoOptParaWriteFun</a> from veichisd_drv.o(i.SdoOptParaWriteFun) referenced 3 times from veichisd_drv.o(i.SdoOptParaWriteFun)
 <LI><a href="#[3ff]">SdoOptPidSendFun</a> from veichisd_drv.o(i.SdoOptPidSendFun) referenced 2 times from veichisd_drv.o(i.SdoOptPidSendFun)
 <LI><a href="#[402]">SdoOptRestAlarmFun</a> from veichisd_drv.o(i.SdoOptRestAlarmFun) referenced from veichisd_drv.o(i.SdoOptRestAlarmFun)
 <LI><a href="#[e3]">SetPV_BackPres</a> from dac_drv.o(i.SetPV_BackPres) referenced from dac_drv.o(.constdata)
 <LI><a href="#[ee]">SetPV_Flow2</a> from dac_drv.o(i.SetPV_Flow2) referenced from dac_drv.o(.constdata)
 <LI><a href="#[ef]">SetPV_HoldPresRel</a> from dac_drv.o(i.SetPV_HoldPresRel) referenced from dac_drv.o(.constdata)
 <LI><a href="#[e7]">SetPV_InjectFlow</a> from dac_drv.o(i.SetPV_InjectFlow) referenced from dac_drv.o(.constdata)
 <LI><a href="#[f0]">SetPV_InjectPres</a> from dac_drv.o(i.SetPV_InjectPres) referenced from dac_drv.o(.constdata)
 <LI><a href="#[e9]">SetPV_LinkFlow</a> from dac_drv.o(i.SetPV_LinkFlow) referenced from dac_drv.o(.constdata)
 <LI><a href="#[e8]">SetPV_LinkPres</a> from dac_drv.o(i.SetPV_LinkPres) referenced from dac_drv.o(.constdata)
 <LI><a href="#[e2]">SetPV_MainFlow</a> from dac_drv.o(i.SetPV_MainFlow) referenced from dac_drv.o(.constdata)
 <LI><a href="#[e1]">SetPV_MainPres</a> from dac_drv.o(i.SetPV_MainPres) referenced 2 times from dac_drv.o(.constdata)
 <LI><a href="#[e5]">SetPV_MoldClsFlow</a> from dac_drv.o(i.SetPV_MoldClsFlow) referenced from dac_drv.o(.constdata)
 <LI><a href="#[e4]">SetPV_MoldOpenFlow</a> from dac_drv.o(i.SetPV_MoldOpenFlow) referenced from dac_drv.o(.constdata)
 <LI><a href="#[ed]">SetPV_Pres2</a> from dac_drv.o(i.SetPV_Pres2) referenced from dac_drv.o(.constdata)
 <LI><a href="#[eb]">SetPV_SDLinkFlow</a> from dac_drv.o(i.SetPV_SDLinkFlow) referenced from dac_drv.o(.constdata)
 <LI><a href="#[ea]">SetPV_SDLinkPres</a> from dac_drv.o(i.SetPV_SDLinkPres) referenced from dac_drv.o(.constdata)
 <LI><a href="#[ec]">SetPV_SetPID</a> from dac_drv.o(i.SetPV_SetPID) referenced from dac_drv.o(.constdata)
 <LI><a href="#[e6]">SetPV_SuckBackFlow</a> from dac_drv.o(i.SetPV_SuckBackFlow) referenced from dac_drv.o(.constdata)
 <LI><a href="#[1c]">SysTick_Handler</a> from startup_stm32h743xx.o(.text) referenced from startup_stm32h743xx.o(RESET)
 <LI><a href="#[a9]">SystemInit</a> from system_stm32h7xx.o(i.SystemInit) referenced from startup_stm32h743xx.o(.text)
 <LI><a href="#[1f]">TAMP_STAMP_IRQHandler</a> from startup_stm32h743xx.o(.text) referenced from startup_stm32h743xx.o(RESET)
 <LI><a href="#[df]">TDSDPDO1Fun</a> from tdsd_drv.o(i.TDSDPDO1Fun) referenced from tdsd_drv.o(i.TDSD_Drv_Init)
 <LI><a href="#[8b]">TIM15_IRQHandler</a> from startup_stm32h743xx.o(.text) referenced from startup_stm32h743xx.o(RESET)
 <LI><a href="#[8c]">TIM16_IRQHandler</a> from startup_stm32h743xx.o(.text) referenced from startup_stm32h743xx.o(RESET)
 <LI><a href="#[8d]">TIM17_IRQHandler</a> from startup_stm32h743xx.o(.text) referenced from startup_stm32h743xx.o(RESET)
 <LI><a href="#[35]">TIM1_BRK_IRQHandler</a> from startup_stm32h743xx.o(.text) referenced from startup_stm32h743xx.o(RESET)
 <LI><a href="#[38]">TIM1_CC_IRQHandler</a> from startup_stm32h743xx.o(.text) referenced from startup_stm32h743xx.o(RESET)
 <LI><a href="#[37]">TIM1_TRG_COM_IRQHandler</a> from startup_stm32h743xx.o(.text) referenced from startup_stm32h743xx.o(RESET)
 <LI><a href="#[36]">TIM1_UP_IRQHandler</a> from startup_stm32h743xx.o(.text) referenced from startup_stm32h743xx.o(RESET)
 <LI><a href="#[39]">TIM2_IRQHandler</a> from startup_stm32h743xx.o(.text) referenced from startup_stm32h743xx.o(RESET)
 <LI><a href="#[3a]">TIM3_IRQHandler</a> from startup_stm32h743xx.o(.text) referenced from startup_stm32h743xx.o(RESET)
 <LI><a href="#[3b]">TIM4_IRQHandler</a> from startup_stm32h743xx.o(.text) referenced from startup_stm32h743xx.o(RESET)
 <LI><a href="#[4e]">TIM5_IRQHandler</a> from startup_stm32h743xx.o(.text) referenced from startup_stm32h743xx.o(RESET)
 <LI><a href="#[52]">TIM6_DAC_IRQHandler</a> from startup_stm32h743xx.o(.text) referenced from startup_stm32h743xx.o(RESET)
 <LI><a href="#[53]">TIM7_IRQHandler</a> from startup_stm32h743xx.o(.text) referenced from startup_stm32h743xx.o(RESET)
 <LI><a href="#[47]">TIM8_BRK_TIM12_IRQHandler</a> from startup_stm32h743xx.o(.text) referenced from startup_stm32h743xx.o(RESET)
 <LI><a href="#[4a]">TIM8_CC_IRQHandler</a> from startup_stm32h743xx.o(.text) referenced from startup_stm32h743xx.o(RESET)
 <LI><a href="#[49]">TIM8_TRG_COM_TIM14_IRQHandler</a> from startup_stm32h743xx.o(.text) referenced from startup_stm32h743xx.o(RESET)
 <LI><a href="#[48]">TIM8_UP_TIM13_IRQHandler</a> from startup_stm32h743xx.o(.text) referenced from startup_stm32h743xx.o(RESET)
 <LI><a href="#[50]">UART4_IRQHandler</a> from startup_stm32h743xx.o(.text) referenced from startup_stm32h743xx.o(RESET)
 <LI><a href="#[51]">UART5_IRQHandler</a> from startup_stm32h743xx.o(.text) referenced from startup_stm32h743xx.o(RESET)
 <LI><a href="#[69]">UART7_IRQHandler</a> from startup_stm32h743xx.o(.text) referenced from startup_stm32h743xx.o(RESET)
 <LI><a href="#[6a]">UART8_IRQHandler</a> from startup_stm32h743xx.o(.text) referenced from startup_stm32h743xx.o(RESET)
 <LI><a href="#[42]">USART1_IRQHandler</a> from kwhmeter_drv.o(i.USART1_IRQHandler) referenced from startup_stm32h743xx.o(RESET)
 <LI><a href="#[43]">USART2_IRQHandler</a> from comm_drv.o(i.USART2_IRQHandler) referenced from startup_stm32h743xx.o(RESET)
 <LI><a href="#[44]">USART3_IRQHandler</a> from startup_stm32h743xx.o(.text) referenced from startup_stm32h743xx.o(RESET)
 <LI><a href="#[5f]">USART6_IRQHandler</a> from startup_stm32h743xx.o(.text) referenced from startup_stm32h743xx.o(RESET)
 <LI><a href="#[18]">UsageFault_Handler</a> from startup_stm32h743xx.o(.text) referenced from startup_stm32h743xx.o(RESET)
 <LI><a href="#[f4]">VEjeCntChk</a> from actconf.o(i.VEjeCntChk) referenced 2 times from actconf.o(.constdata)
 <LI><a href="#[e0]">VeiSDPDO1Fun</a> from veichisd_drv.o(i.VeiSDPDO1Fun) referenced from veichisd_drv.o(i.VeiSD_Drv_Init)
 <LI><a href="#[a7]">WAKEUP_PIN_IRQHandler</a> from startup_stm32h743xx.o(.text) referenced from startup_stm32h743xx.o(RESET)
 <LI><a href="#[1d]">WWDG_IRQHandler</a> from startup_stm32h743xx.o(.text) referenced from startup_stm32h743xx.o(RESET)
 <LI><a href="#[aa]">__main</a> from entry.o(.ARM.Collect$$$$00000000) referenced from startup_stm32h743xx.o(.text)
 <LI><a href="#[a8]">main</a> from main.o(i.main) referenced from entry9a.o(.ARM.Collect$$$$0000000B)
</UL>
<P>
<H3>
Global Symbols
</H3>
<P><STRONG><a name="[aa]"></a>__main</STRONG> (Thumb, 0 bytes, Stack size unknown bytes, entry.o(.ARM.Collect$$$$00000000))
<BR>[Address Reference Count : 1]<UL><LI> startup_stm32h743xx.o(.text)
</UL>
<P><STRONG><a name="[43f]"></a>_main_stk</STRONG> (Thumb, 0 bytes, Stack size unknown bytes, entry2.o(.ARM.Collect$$$$00000001))

<P><STRONG><a name="[1bd]"></a>_main_scatterload</STRONG> (Thumb, 0 bytes, Stack size unknown bytes, entry5.o(.ARM.Collect$$$$00000004))
<BR><BR>[Calls]<UL><LI><a href="#[1be]">&gt;&gt;</a>&nbsp;&nbsp;&nbsp;__scatterload
</UL>

<P><STRONG><a name="[1ca]"></a>__main_after_scatterload</STRONG> (Thumb, 0 bytes, Stack size unknown bytes, entry5.o(.ARM.Collect$$$$00000004))
<BR><BR>[Called By]<UL><LI><a href="#[1be]">&gt;&gt;</a>&nbsp;&nbsp;&nbsp;__scatterload
</UL>

<P><STRONG><a name="[440]"></a>_main_clock</STRONG> (Thumb, 0 bytes, Stack size unknown bytes, entry7b.o(.ARM.Collect$$$$00000008))

<P><STRONG><a name="[441]"></a>_main_cpp_init</STRONG> (Thumb, 0 bytes, Stack size unknown bytes, entry8b.o(.ARM.Collect$$$$0000000A))

<P><STRONG><a name="[442]"></a>_main_init</STRONG> (Thumb, 0 bytes, Stack size unknown bytes, entry9a.o(.ARM.Collect$$$$0000000B))

<P><STRONG><a name="[443]"></a>__rt_lib_shutdown_fini</STRONG> (Thumb, 0 bytes, Stack size unknown bytes, entry12b.o(.ARM.Collect$$$$0000000E))

<P><STRONG><a name="[444]"></a>__rt_final_cpp</STRONG> (Thumb, 0 bytes, Stack size unknown bytes, entry10a.o(.ARM.Collect$$$$0000000F))

<P><STRONG><a name="[445]"></a>__rt_final_exit</STRONG> (Thumb, 0 bytes, Stack size unknown bytes, entry11a.o(.ARM.Collect$$$$00000011))

<P><STRONG><a name="[13]"></a>Reset_Handler</STRONG> (Thumb, 8 bytes, Stack size 0 bytes, startup_stm32h743xx.o(.text))
<BR>[Address Reference Count : 1]<UL><LI> startup_stm32h743xx.o(RESET)
</UL>
<P><STRONG><a name="[14]"></a>NMI_Handler</STRONG> (Thumb, 2 bytes, Stack size 0 bytes, startup_stm32h743xx.o(.text))
<BR><BR>[Calls]<UL><LI><a href="#[14]">&gt;&gt;</a>&nbsp;&nbsp;&nbsp;NMI_Handler
</UL>
<BR>[Called By]<UL><LI><a href="#[14]">&gt;&gt;</a>&nbsp;&nbsp;&nbsp;NMI_Handler
</UL>
<BR>[Address Reference Count : 1]<UL><LI> startup_stm32h743xx.o(RESET)
</UL>
<P><STRONG><a name="[15]"></a>HardFault_Handler</STRONG> (Thumb, 2 bytes, Stack size 0 bytes, startup_stm32h743xx.o(.text))
<BR><BR>[Calls]<UL><LI><a href="#[15]">&gt;&gt;</a>&nbsp;&nbsp;&nbsp;HardFault_Handler
</UL>
<BR>[Called By]<UL><LI><a href="#[15]">&gt;&gt;</a>&nbsp;&nbsp;&nbsp;HardFault_Handler
</UL>
<BR>[Address Reference Count : 1]<UL><LI> startup_stm32h743xx.o(RESET)
</UL>
<P><STRONG><a name="[16]"></a>MemManage_Handler</STRONG> (Thumb, 2 bytes, Stack size 0 bytes, startup_stm32h743xx.o(.text))
<BR><BR>[Calls]<UL><LI><a href="#[16]">&gt;&gt;</a>&nbsp;&nbsp;&nbsp;MemManage_Handler
</UL>
<BR>[Called By]<UL><LI><a href="#[16]">&gt;&gt;</a>&nbsp;&nbsp;&nbsp;MemManage_Handler
</UL>
<BR>[Address Reference Count : 1]<UL><LI> startup_stm32h743xx.o(RESET)
</UL>
<P><STRONG><a name="[17]"></a>BusFault_Handler</STRONG> (Thumb, 2 bytes, Stack size 0 bytes, startup_stm32h743xx.o(.text))
<BR><BR>[Calls]<UL><LI><a href="#[17]">&gt;&gt;</a>&nbsp;&nbsp;&nbsp;BusFault_Handler
</UL>
<BR>[Called By]<UL><LI><a href="#[17]">&gt;&gt;</a>&nbsp;&nbsp;&nbsp;BusFault_Handler
</UL>
<BR>[Address Reference Count : 1]<UL><LI> startup_stm32h743xx.o(RESET)
</UL>
<P><STRONG><a name="[18]"></a>UsageFault_Handler</STRONG> (Thumb, 2 bytes, Stack size 0 bytes, startup_stm32h743xx.o(.text))
<BR><BR>[Calls]<UL><LI><a href="#[18]">&gt;&gt;</a>&nbsp;&nbsp;&nbsp;UsageFault_Handler
</UL>
<BR>[Called By]<UL><LI><a href="#[18]">&gt;&gt;</a>&nbsp;&nbsp;&nbsp;UsageFault_Handler
</UL>
<BR>[Address Reference Count : 1]<UL><LI> startup_stm32h743xx.o(RESET)
</UL>
<P><STRONG><a name="[19]"></a>SVC_Handler</STRONG> (Thumb, 2 bytes, Stack size 0 bytes, startup_stm32h743xx.o(.text))
<BR><BR>[Calls]<UL><LI><a href="#[19]">&gt;&gt;</a>&nbsp;&nbsp;&nbsp;SVC_Handler
</UL>
<BR>[Called By]<UL><LI><a href="#[19]">&gt;&gt;</a>&nbsp;&nbsp;&nbsp;SVC_Handler
</UL>
<BR>[Address Reference Count : 1]<UL><LI> startup_stm32h743xx.o(RESET)
</UL>
<P><STRONG><a name="[1a]"></a>DebugMon_Handler</STRONG> (Thumb, 2 bytes, Stack size 0 bytes, startup_stm32h743xx.o(.text))
<BR><BR>[Calls]<UL><LI><a href="#[1a]">&gt;&gt;</a>&nbsp;&nbsp;&nbsp;DebugMon_Handler
</UL>
<BR>[Called By]<UL><LI><a href="#[1a]">&gt;&gt;</a>&nbsp;&nbsp;&nbsp;DebugMon_Handler
</UL>
<BR>[Address Reference Count : 1]<UL><LI> startup_stm32h743xx.o(RESET)
</UL>
<P><STRONG><a name="[1b]"></a>PendSV_Handler</STRONG> (Thumb, 2 bytes, Stack size 0 bytes, startup_stm32h743xx.o(.text))
<BR><BR>[Calls]<UL><LI><a href="#[1b]">&gt;&gt;</a>&nbsp;&nbsp;&nbsp;PendSV_Handler
</UL>
<BR>[Called By]<UL><LI><a href="#[1b]">&gt;&gt;</a>&nbsp;&nbsp;&nbsp;PendSV_Handler
</UL>
<BR>[Address Reference Count : 1]<UL><LI> startup_stm32h743xx.o(RESET)
</UL>
<P><STRONG><a name="[1c]"></a>SysTick_Handler</STRONG> (Thumb, 2 bytes, Stack size 0 bytes, startup_stm32h743xx.o(.text))
<BR><BR>[Calls]<UL><LI><a href="#[1c]">&gt;&gt;</a>&nbsp;&nbsp;&nbsp;SysTick_Handler
</UL>
<BR>[Called By]<UL><LI><a href="#[1c]">&gt;&gt;</a>&nbsp;&nbsp;&nbsp;SysTick_Handler
</UL>
<BR>[Address Reference Count : 1]<UL><LI> startup_stm32h743xx.o(RESET)
</UL>
<P><STRONG><a name="[94]"></a>ADC3_IRQHandler</STRONG> (Thumb, 0 bytes, Stack size 0 bytes, startup_stm32h743xx.o(.text))
<BR><BR>[Calls]<UL><LI><a href="#[94]">&gt;&gt;</a>&nbsp;&nbsp;&nbsp;ADC3_IRQHandler
</UL>
<BR>[Called By]<UL><LI><a href="#[94]">&gt;&gt;</a>&nbsp;&nbsp;&nbsp;ADC3_IRQHandler
</UL>
<BR>[Address Reference Count : 1]<UL><LI> startup_stm32h743xx.o(RESET)
</UL>
<P><STRONG><a name="[2f]"></a>ADC_IRQHandler</STRONG> (Thumb, 0 bytes, Stack size 0 bytes, startup_stm32h743xx.o(.text))
<BR>[Address Reference Count : 1]<UL><LI> startup_stm32h743xx.o(RESET)
</UL>
<P><STRONG><a name="[96]"></a>BDMA_Channel0_IRQHandler</STRONG> (Thumb, 0 bytes, Stack size 0 bytes, startup_stm32h743xx.o(.text))
<BR>[Address Reference Count : 1]<UL><LI> startup_stm32h743xx.o(RESET)
</UL>
<P><STRONG><a name="[97]"></a>BDMA_Channel1_IRQHandler</STRONG> (Thumb, 0 bytes, Stack size 0 bytes, startup_stm32h743xx.o(.text))
<BR>[Address Reference Count : 1]<UL><LI> startup_stm32h743xx.o(RESET)
</UL>
<P><STRONG><a name="[98]"></a>BDMA_Channel2_IRQHandler</STRONG> (Thumb, 0 bytes, Stack size 0 bytes, startup_stm32h743xx.o(.text))
<BR>[Address Reference Count : 1]<UL><LI> startup_stm32h743xx.o(RESET)
</UL>
<P><STRONG><a name="[99]"></a>BDMA_Channel3_IRQHandler</STRONG> (Thumb, 0 bytes, Stack size 0 bytes, startup_stm32h743xx.o(.text))
<BR>[Address Reference Count : 1]<UL><LI> startup_stm32h743xx.o(RESET)
</UL>
<P><STRONG><a name="[9a]"></a>BDMA_Channel4_IRQHandler</STRONG> (Thumb, 0 bytes, Stack size 0 bytes, startup_stm32h743xx.o(.text))
<BR>[Address Reference Count : 1]<UL><LI> startup_stm32h743xx.o(RESET)
</UL>
<P><STRONG><a name="[9b]"></a>BDMA_Channel5_IRQHandler</STRONG> (Thumb, 0 bytes, Stack size 0 bytes, startup_stm32h743xx.o(.text))
<BR>[Address Reference Count : 1]<UL><LI> startup_stm32h743xx.o(RESET)
</UL>
<P><STRONG><a name="[9c]"></a>BDMA_Channel6_IRQHandler</STRONG> (Thumb, 0 bytes, Stack size 0 bytes, startup_stm32h743xx.o(.text))
<BR>[Address Reference Count : 1]<UL><LI> startup_stm32h743xx.o(RESET)
</UL>
<P><STRONG><a name="[9d]"></a>BDMA_Channel7_IRQHandler</STRONG> (Thumb, 0 bytes, Stack size 0 bytes, startup_stm32h743xx.o(.text))
<BR>[Address Reference Count : 1]<UL><LI> startup_stm32h743xx.o(RESET)
</UL>
<P><STRONG><a name="[75]"></a>CEC_IRQHandler</STRONG> (Thumb, 0 bytes, Stack size 0 bytes, startup_stm32h743xx.o(.text))
<BR>[Address Reference Count : 1]<UL><LI> startup_stm32h743xx.o(RESET)
</UL>
<P><STRONG><a name="[9e]"></a>COMP1_IRQHandler</STRONG> (Thumb, 0 bytes, Stack size 0 bytes, startup_stm32h743xx.o(.text))
<BR>[Address Reference Count : 1]<UL><LI> startup_stm32h743xx.o(RESET)
</UL>
<P><STRONG><a name="[a4]"></a>CRS_IRQHandler</STRONG> (Thumb, 0 bytes, Stack size 0 bytes, startup_stm32h743xx.o(.text))
<BR>[Address Reference Count : 1]<UL><LI> startup_stm32h743xx.o(RESET)
</UL>
<P><STRONG><a name="[66]"></a>DCMI_IRQHandler</STRONG> (Thumb, 0 bytes, Stack size 0 bytes, startup_stm32h743xx.o(.text))
<BR>[Address Reference Count : 1]<UL><LI> startup_stm32h743xx.o(RESET)
</UL>
<P><STRONG><a name="[85]"></a>DFSDM1_FLT0_IRQHandler</STRONG> (Thumb, 0 bytes, Stack size 0 bytes, startup_stm32h743xx.o(.text))
<BR>[Address Reference Count : 1]<UL><LI> startup_stm32h743xx.o(RESET)
</UL>
<P><STRONG><a name="[86]"></a>DFSDM1_FLT1_IRQHandler</STRONG> (Thumb, 0 bytes, Stack size 0 bytes, startup_stm32h743xx.o(.text))
<BR>[Address Reference Count : 1]<UL><LI> startup_stm32h743xx.o(RESET)
</UL>
<P><STRONG><a name="[87]"></a>DFSDM1_FLT2_IRQHandler</STRONG> (Thumb, 0 bytes, Stack size 0 bytes, startup_stm32h743xx.o(.text))
<BR>[Address Reference Count : 1]<UL><LI> startup_stm32h743xx.o(RESET)
</UL>
<P><STRONG><a name="[88]"></a>DFSDM1_FLT3_IRQHandler</STRONG> (Thumb, 0 bytes, Stack size 0 bytes, startup_stm32h743xx.o(.text))
<BR>[Address Reference Count : 1]<UL><LI> startup_stm32h743xx.o(RESET)
</UL>
<P><STRONG><a name="[28]"></a>DMA1_Stream0_IRQHandler</STRONG> (Thumb, 0 bytes, Stack size 0 bytes, startup_stm32h743xx.o(.text))
<BR>[Address Reference Count : 1]<UL><LI> startup_stm32h743xx.o(RESET)
</UL>
<P><STRONG><a name="[29]"></a>DMA1_Stream1_IRQHandler</STRONG> (Thumb, 0 bytes, Stack size 0 bytes, startup_stm32h743xx.o(.text))
<BR>[Address Reference Count : 1]<UL><LI> startup_stm32h743xx.o(RESET)
</UL>
<P><STRONG><a name="[2a]"></a>DMA1_Stream2_IRQHandler</STRONG> (Thumb, 0 bytes, Stack size 0 bytes, startup_stm32h743xx.o(.text))
<BR>[Address Reference Count : 1]<UL><LI> startup_stm32h743xx.o(RESET)
</UL>
<P><STRONG><a name="[2b]"></a>DMA1_Stream3_IRQHandler</STRONG> (Thumb, 0 bytes, Stack size 0 bytes, startup_stm32h743xx.o(.text))
<BR>[Address Reference Count : 1]<UL><LI> startup_stm32h743xx.o(RESET)
</UL>
<P><STRONG><a name="[2c]"></a>DMA1_Stream4_IRQHandler</STRONG> (Thumb, 0 bytes, Stack size 0 bytes, startup_stm32h743xx.o(.text))
<BR>[Address Reference Count : 1]<UL><LI> startup_stm32h743xx.o(RESET)
</UL>
<P><STRONG><a name="[2d]"></a>DMA1_Stream5_IRQHandler</STRONG> (Thumb, 0 bytes, Stack size 0 bytes, startup_stm32h743xx.o(.text))
<BR>[Address Reference Count : 1]<UL><LI> startup_stm32h743xx.o(RESET)
</UL>
<P><STRONG><a name="[2e]"></a>DMA1_Stream6_IRQHandler</STRONG> (Thumb, 0 bytes, Stack size 0 bytes, startup_stm32h743xx.o(.text))
<BR>[Address Reference Count : 1]<UL><LI> startup_stm32h743xx.o(RESET)
</UL>
<P><STRONG><a name="[4b]"></a>DMA1_Stream7_IRQHandler</STRONG> (Thumb, 0 bytes, Stack size 0 bytes, startup_stm32h743xx.o(.text))
<BR>[Address Reference Count : 1]<UL><LI> startup_stm32h743xx.o(RESET)
</UL>
<P><STRONG><a name="[71]"></a>DMA2D_IRQHandler</STRONG> (Thumb, 0 bytes, Stack size 0 bytes, startup_stm32h743xx.o(.text))
<BR>[Address Reference Count : 1]<UL><LI> startup_stm32h743xx.o(RESET)
</UL>
<P><STRONG><a name="[54]"></a>DMA2_Stream0_IRQHandler</STRONG> (Thumb, 0 bytes, Stack size 0 bytes, startup_stm32h743xx.o(.text))
<BR>[Address Reference Count : 1]<UL><LI> startup_stm32h743xx.o(RESET)
</UL>
<P><STRONG><a name="[55]"></a>DMA2_Stream1_IRQHandler</STRONG> (Thumb, 0 bytes, Stack size 0 bytes, startup_stm32h743xx.o(.text))
<BR>[Address Reference Count : 1]<UL><LI> startup_stm32h743xx.o(RESET)
</UL>
<P><STRONG><a name="[56]"></a>DMA2_Stream2_IRQHandler</STRONG> (Thumb, 0 bytes, Stack size 0 bytes, startup_stm32h743xx.o(.text))
<BR>[Address Reference Count : 1]<UL><LI> startup_stm32h743xx.o(RESET)
</UL>
<P><STRONG><a name="[57]"></a>DMA2_Stream3_IRQHandler</STRONG> (Thumb, 0 bytes, Stack size 0 bytes, startup_stm32h743xx.o(.text))
<BR>[Address Reference Count : 1]<UL><LI> startup_stm32h743xx.o(RESET)
</UL>
<P><STRONG><a name="[58]"></a>DMA2_Stream4_IRQHandler</STRONG> (Thumb, 0 bytes, Stack size 0 bytes, startup_stm32h743xx.o(.text))
<BR>[Address Reference Count : 1]<UL><LI> startup_stm32h743xx.o(RESET)
</UL>
<P><STRONG><a name="[5c]"></a>DMA2_Stream5_IRQHandler</STRONG> (Thumb, 0 bytes, Stack size 0 bytes, startup_stm32h743xx.o(.text))
<BR>[Address Reference Count : 1]<UL><LI> startup_stm32h743xx.o(RESET)
</UL>
<P><STRONG><a name="[5d]"></a>DMA2_Stream6_IRQHandler</STRONG> (Thumb, 0 bytes, Stack size 0 bytes, startup_stm32h743xx.o(.text))
<BR>[Address Reference Count : 1]<UL><LI> startup_stm32h743xx.o(RESET)
</UL>
<P><STRONG><a name="[5e]"></a>DMA2_Stream7_IRQHandler</STRONG> (Thumb, 0 bytes, Stack size 0 bytes, startup_stm32h743xx.o(.text))
<BR>[Address Reference Count : 1]<UL><LI> startup_stm32h743xx.o(RESET)
</UL>
<P><STRONG><a name="[7d]"></a>DMAMUX1_OVR_IRQHandler</STRONG> (Thumb, 0 bytes, Stack size 0 bytes, startup_stm32h743xx.o(.text))
<BR>[Address Reference Count : 1]<UL><LI> startup_stm32h743xx.o(RESET)
</UL>
<P><STRONG><a name="[95]"></a>DMAMUX2_OVR_IRQHandler</STRONG> (Thumb, 0 bytes, Stack size 0 bytes, startup_stm32h743xx.o(.text))
<BR>[Address Reference Count : 1]<UL><LI> startup_stm32h743xx.o(RESET)
</UL>
<P><STRONG><a name="[a5]"></a>ECC_IRQHandler</STRONG> (Thumb, 0 bytes, Stack size 0 bytes, startup_stm32h743xx.o(.text))
<BR>[Address Reference Count : 1]<UL><LI> startup_stm32h743xx.o(RESET)
</UL>
<P><STRONG><a name="[59]"></a>ETH_IRQHandler</STRONG> (Thumb, 0 bytes, Stack size 0 bytes, startup_stm32h743xx.o(.text))
<BR>[Address Reference Count : 1]<UL><LI> startup_stm32h743xx.o(RESET)
</UL>
<P><STRONG><a name="[5a]"></a>ETH_WKUP_IRQHandler</STRONG> (Thumb, 0 bytes, Stack size 0 bytes, startup_stm32h743xx.o(.text))
<BR>[Address Reference Count : 1]<UL><LI> startup_stm32h743xx.o(RESET)
</UL>
<P><STRONG><a name="[23]"></a>EXTI0_IRQHandler</STRONG> (Thumb, 0 bytes, Stack size 0 bytes, startup_stm32h743xx.o(.text))
<BR>[Address Reference Count : 1]<UL><LI> startup_stm32h743xx.o(RESET)
</UL>
<P><STRONG><a name="[45]"></a>EXTI15_10_IRQHandler</STRONG> (Thumb, 0 bytes, Stack size 0 bytes, startup_stm32h743xx.o(.text))
<BR>[Address Reference Count : 1]<UL><LI> startup_stm32h743xx.o(RESET)
</UL>
<P><STRONG><a name="[24]"></a>EXTI1_IRQHandler</STRONG> (Thumb, 0 bytes, Stack size 0 bytes, startup_stm32h743xx.o(.text))
<BR>[Address Reference Count : 1]<UL><LI> startup_stm32h743xx.o(RESET)
</UL>
<P><STRONG><a name="[25]"></a>EXTI2_IRQHandler</STRONG> (Thumb, 0 bytes, Stack size 0 bytes, startup_stm32h743xx.o(.text))
<BR>[Address Reference Count : 1]<UL><LI> startup_stm32h743xx.o(RESET)
</UL>
<P><STRONG><a name="[26]"></a>EXTI3_IRQHandler</STRONG> (Thumb, 0 bytes, Stack size 0 bytes, startup_stm32h743xx.o(.text))
<BR>[Address Reference Count : 1]<UL><LI> startup_stm32h743xx.o(RESET)
</UL>
<P><STRONG><a name="[27]"></a>EXTI4_IRQHandler</STRONG> (Thumb, 0 bytes, Stack size 0 bytes, startup_stm32h743xx.o(.text))
<BR>[Address Reference Count : 1]<UL><LI> startup_stm32h743xx.o(RESET)
</UL>
<P><STRONG><a name="[34]"></a>EXTI9_5_IRQHandler</STRONG> (Thumb, 0 bytes, Stack size 0 bytes, startup_stm32h743xx.o(.text))
<BR>[Address Reference Count : 1]<UL><LI> startup_stm32h743xx.o(RESET)
</UL>
<P><STRONG><a name="[30]"></a>FDCAN1_IT0_IRQHandler</STRONG> (Thumb, 0 bytes, Stack size 0 bytes, startup_stm32h743xx.o(.text))
<BR>[Address Reference Count : 1]<UL><LI> startup_stm32h743xx.o(RESET)
</UL>
<P><STRONG><a name="[32]"></a>FDCAN1_IT1_IRQHandler</STRONG> (Thumb, 0 bytes, Stack size 0 bytes, startup_stm32h743xx.o(.text))
<BR>[Address Reference Count : 1]<UL><LI> startup_stm32h743xx.o(RESET)
</UL>
<P><STRONG><a name="[31]"></a>FDCAN2_IT0_IRQHandler</STRONG> (Thumb, 0 bytes, Stack size 0 bytes, startup_stm32h743xx.o(.text))
<BR>[Address Reference Count : 1]<UL><LI> startup_stm32h743xx.o(RESET)
</UL>
<P><STRONG><a name="[33]"></a>FDCAN2_IT1_IRQHandler</STRONG> (Thumb, 0 bytes, Stack size 0 bytes, startup_stm32h743xx.o(.text))
<BR>[Address Reference Count : 1]<UL><LI> startup_stm32h743xx.o(RESET)
</UL>
<P><STRONG><a name="[5b]"></a>FDCAN_CAL_IRQHandler</STRONG> (Thumb, 0 bytes, Stack size 0 bytes, startup_stm32h743xx.o(.text))
<BR>[Address Reference Count : 1]<UL><LI> startup_stm32h743xx.o(RESET)
</UL>
<P><STRONG><a name="[21]"></a>FLASH_IRQHandler</STRONG> (Thumb, 0 bytes, Stack size 0 bytes, startup_stm32h743xx.o(.text))
<BR>[Address Reference Count : 1]<UL><LI> startup_stm32h743xx.o(RESET)
</UL>
<P><STRONG><a name="[4c]"></a>FMC_IRQHandler</STRONG> (Thumb, 0 bytes, Stack size 0 bytes, startup_stm32h743xx.o(.text))
<BR>[Address Reference Count : 1]<UL><LI> startup_stm32h743xx.o(RESET)
</UL>
<P><STRONG><a name="[68]"></a>FPU_IRQHandler</STRONG> (Thumb, 0 bytes, Stack size 0 bytes, startup_stm32h743xx.o(.text))
<BR>[Address Reference Count : 1]<UL><LI> startup_stm32h743xx.o(RESET)
</UL>
<P><STRONG><a name="[84]"></a>HRTIM1_FLT_IRQHandler</STRONG> (Thumb, 0 bytes, Stack size 0 bytes, startup_stm32h743xx.o(.text))
<BR>[Address Reference Count : 1]<UL><LI> startup_stm32h743xx.o(RESET)
</UL>
<P><STRONG><a name="[7e]"></a>HRTIM1_Master_IRQHandler</STRONG> (Thumb, 0 bytes, Stack size 0 bytes, startup_stm32h743xx.o(.text))
<BR>[Address Reference Count : 1]<UL><LI> startup_stm32h743xx.o(RESET)
</UL>
<P><STRONG><a name="[7f]"></a>HRTIM1_TIMA_IRQHandler</STRONG> (Thumb, 0 bytes, Stack size 0 bytes, startup_stm32h743xx.o(.text))
<BR>[Address Reference Count : 1]<UL><LI> startup_stm32h743xx.o(RESET)
</UL>
<P><STRONG><a name="[80]"></a>HRTIM1_TIMB_IRQHandler</STRONG> (Thumb, 0 bytes, Stack size 0 bytes, startup_stm32h743xx.o(.text))
<BR>[Address Reference Count : 1]<UL><LI> startup_stm32h743xx.o(RESET)
</UL>
<P><STRONG><a name="[81]"></a>HRTIM1_TIMC_IRQHandler</STRONG> (Thumb, 0 bytes, Stack size 0 bytes, startup_stm32h743xx.o(.text))
<BR>[Address Reference Count : 1]<UL><LI> startup_stm32h743xx.o(RESET)
</UL>
<P><STRONG><a name="[82]"></a>HRTIM1_TIMD_IRQHandler</STRONG> (Thumb, 0 bytes, Stack size 0 bytes, startup_stm32h743xx.o(.text))
<BR>[Address Reference Count : 1]<UL><LI> startup_stm32h743xx.o(RESET)
</UL>
[...]
<LI><a href="#[3f4]">&gt;&gt;</a>&nbsp;&nbsp;&nbsp;RobotComm_Drv_Pcs
<LI><a href="#[3f3]">&gt;&gt;</a>&nbsp;&nbsp;&nbsp;RobotComm_Drv_Init
<LI><a href="#[3e3]">&gt;&gt;</a>&nbsp;&nbsp;&nbsp;RPHA_Pcs
<LI><a href="#[3e0]">&gt;&gt;</a>&nbsp;&nbsp;&nbsp;RPHA_Init
<LI><a href="#[3de]">&gt;&gt;</a>&nbsp;&nbsp;&nbsp;Position_Pcs
<LI><a href="#[3dc]">&gt;&gt;</a>&nbsp;&nbsp;&nbsp;Position_Init
<LI><a href="#[3d2]">&gt;&gt;</a>&nbsp;&nbsp;&nbsp;Monitor_Pcs
<LI><a href="#[3d1]">&gt;&gt;</a>&nbsp;&nbsp;&nbsp;Monitor_Init
<LI><a href="#[3bc]">&gt;&gt;</a>&nbsp;&nbsp;&nbsp;MADC_Drv_Pcs
<LI><a href="#[3bb]">&gt;&gt;</a>&nbsp;&nbsp;&nbsp;MADC_Drv_Init
<LI><a href="#[3b5]">&gt;&gt;</a>&nbsp;&nbsp;&nbsp;License_Pcs
<LI><a href="#[3b3]">&gt;&gt;</a>&nbsp;&nbsp;&nbsp;License_Init
<LI><a href="#[3b0]">&gt;&gt;</a>&nbsp;&nbsp;&nbsp;LADC_Drv_Pcs
<LI><a href="#[3ac]">&gt;&gt;</a>&nbsp;&nbsp;&nbsp;LADC_Drv_Init
<LI><a href="#[3a8]">&gt;&gt;</a>&nbsp;&nbsp;&nbsp;KWhMeter_Drv_Pcs
<LI><a href="#[3a7]">&gt;&gt;</a>&nbsp;&nbsp;&nbsp;KWhMeter_Drv_Init
<LI><a href="#[436]">&gt;&gt;</a>&nbsp;&nbsp;&nbsp;IntVectTabRemap
<LI><a href="#[3a1]">&gt;&gt;</a>&nbsp;&nbsp;&nbsp;I2Cx_Drv_Init
<LI><a href="#[390]">&gt;&gt;</a>&nbsp;&nbsp;&nbsp;HiSD_Drv_Pcs
<LI><a href="#[38f]">&gt;&gt;</a>&nbsp;&nbsp;&nbsp;HiSD_Drv_Init
<LI><a href="#[38e]">&gt;&gt;</a>&nbsp;&nbsp;&nbsp;HiM6_Drv_Pcs
<LI><a href="#[38d]">&gt;&gt;</a>&nbsp;&nbsp;&nbsp;HiM6_Drv_Init
<LI><a href="#[38c]">&gt;&gt;</a>&nbsp;&nbsp;&nbsp;HardPlat_Drv_Pcs
<LI><a href="#[38b]">&gt;&gt;</a>&nbsp;&nbsp;&nbsp;HardPlat_Drv_Init
<LI><a href="#[381]">&gt;&gt;</a>&nbsp;&nbsp;&nbsp;HAI_Pcs
<LI><a href="#[437]">&gt;&gt;</a>&nbsp;&nbsp;&nbsp;HAI_Init
<LI><a href="#[37c]">&gt;&gt;</a>&nbsp;&nbsp;&nbsp;HADC_Drv_Pcs
<LI><a href="#[36b]">&gt;&gt;</a>&nbsp;&nbsp;&nbsp;HADC_Drv_Init
<LI><a href="#[203]">&gt;&gt;</a>&nbsp;&nbsp;&nbsp;G10usTimerRes
<LI><a href="#[23b]">&gt;&gt;</a>&nbsp;&nbsp;&nbsp;G10usTimerOver
<LI><a href="#[24e]">&gt;&gt;</a>&nbsp;&nbsp;&nbsp;G10usTimerCal
<LI><a href="#[360]">&gt;&gt;</a>&nbsp;&nbsp;&nbsp;EuRaSD_Drv_Pcs
<LI><a href="#[35e]">&gt;&gt;</a>&nbsp;&nbsp;&nbsp;EuRaSD_Drv_Init
<LI><a href="#[35b]">&gt;&gt;</a>&nbsp;&nbsp;&nbsp;ESSD_Drv_Pcs
<LI><a href="#[35a]">&gt;&gt;</a>&nbsp;&nbsp;&nbsp;ESSD_Drv_Init
<LI><a href="#[354]">&gt;&gt;</a>&nbsp;&nbsp;&nbsp;DigiLed_Pcs
<LI><a href="#[352]">&gt;&gt;</a>&nbsp;&nbsp;&nbsp;DigiLed_Init
<LI><a href="#[350]">&gt;&gt;</a>&nbsp;&nbsp;&nbsp;DateTime_Pcs
<LI><a href="#[439]">&gt;&gt;</a>&nbsp;&nbsp;&nbsp;DateTime_Init
<LI><a href="#[34e]">&gt;&gt;</a>&nbsp;&nbsp;&nbsp;DIDO_Drv_Pcs
<LI><a href="#[34d]">&gt;&gt;</a>&nbsp;&nbsp;&nbsp;DIDO_Drv_Init
<LI><a href="#[344]">&gt;&gt;</a>&nbsp;&nbsp;&nbsp;DAC_Drv_Pcs
<LI><a href="#[343]">&gt;&gt;</a>&nbsp;&nbsp;&nbsp;DAC_Drv_Init
<LI><a href="#[329]">&gt;&gt;</a>&nbsp;&nbsp;&nbsp;Comm_Drv_Pcs
<LI><a href="#[321]">&gt;&gt;</a>&nbsp;&nbsp;&nbsp;Comm_Drv_Init
<LI><a href="#[311]">&gt;&gt;</a>&nbsp;&nbsp;&nbsp;Code_Pcs
<LI><a href="#[2f6]">&gt;&gt;</a>&nbsp;&nbsp;&nbsp;CanOpenDrv_Pcs
<LI><a href="#[2ec]">&gt;&gt;</a>&nbsp;&nbsp;&nbsp;CanModule_Drv_Pcs
<LI><a href="#[2e9]">&gt;&gt;</a>&nbsp;&nbsp;&nbsp;CanModule_Drv_Init
<LI><a href="#[2e4]">&gt;&gt;</a>&nbsp;&nbsp;&nbsp;Boot_IAP_Pcs
<LI><a href="#[2dc]">&gt;&gt;</a>&nbsp;&nbsp;&nbsp;Alarm_Pcs
<LI><a href="#[43b]">&gt;&gt;</a>&nbsp;&nbsp;&nbsp;Action_Pcs
<LI><a href="#[2d0]">&gt;&gt;</a>&nbsp;&nbsp;&nbsp;Action_Init
<LI><a href="#[2aa]">&gt;&gt;</a>&nbsp;&nbsp;&nbsp;ActConf_Pcs
<LI><a href="#[2a8]">&gt;&gt;</a>&nbsp;&nbsp;&nbsp;ActConf_Init
<LI><a href="#[1bf]">&gt;&gt;</a>&nbsp;&nbsp;&nbsp;__aeabi_uldivmod
</UL>
<BR>[Address Reference Count : 1]<UL><LI> entry9a.o(.ARM.Collect$$$$0000000B)
</UL>
<P><STRONG><a name="[2d2]"></a>nvic_irq_enable</STRONG> (Thumb, 186 bytes, Stack size 24 bytes, gd32f4xx_misc.o(i.nvic_irq_enable))
<BR><BR>[Stack]<UL><LI>Max Depth = 24<LI>Call Chain = nvic_irq_enable
</UL>
<BR>[Calls]<UL><LI><a href="#[43d]">&gt;&gt;</a>&nbsp;&nbsp;&nbsp;nvic_priority_group_set
</UL>
<BR>[Called By]<UL><LI><a href="#[3bb]">&gt;&gt;</a>&nbsp;&nbsp;&nbsp;MADC_Drv_Init
<LI><a href="#[3ac]">&gt;&gt;</a>&nbsp;&nbsp;&nbsp;LADC_Drv_Init
<LI><a href="#[3a7]">&gt;&gt;</a>&nbsp;&nbsp;&nbsp;KWhMeter_Drv_Init
<LI><a href="#[36b]">&gt;&gt;</a>&nbsp;&nbsp;&nbsp;HADC_Drv_Init
<LI><a href="#[321]">&gt;&gt;</a>&nbsp;&nbsp;&nbsp;Comm_Drv_Init
<LI><a href="#[2d4]">&gt;&gt;</a>&nbsp;&nbsp;&nbsp;AddAnCanTxIrq
<LI><a href="#[2d1]">&gt;&gt;</a>&nbsp;&nbsp;&nbsp;AddAnCanRxIrq
</UL>

<P><STRONG><a name="[43d]"></a>nvic_priority_group_set</STRONG> (Thumb, 10 bytes, Stack size 0 bytes, gd32f4xx_misc.o(i.nvic_priority_group_set))
<BR><BR>[Called By]<UL><LI><a href="#[2d2]">&gt;&gt;</a>&nbsp;&nbsp;&nbsp;nvic_irq_enable
</UL>

<P><STRONG><a name="[434]"></a>rcu_ckout0_config</STRONG> (Thumb, 22 bytes, Stack size 8 bytes, gd32f4xx_rcu.o(i.rcu_ckout0_config))
<BR><BR>[Stack]<UL><LI>Max Depth = 8<LI>Call Chain = rcu_ckout0_config
</UL>
<BR>[Called By]<UL><LI><a href="#[433]">&gt;&gt;</a>&nbsp;&nbsp;&nbsp;clock_output_config
</UL>

<P><STRONG><a name="[435]"></a>rcu_clock_freq_get</STRONG> (Thumb, 264 bytes, Stack size 84 bytes, gd32f4xx_rcu.o(i.rcu_clock_freq_get))
<BR><BR>[Stack]<UL><LI>Max Depth = 84<LI>Call Chain = rcu_clock_freq_get
</UL>
<BR>[Called By]<UL><LI><a href="#[323]">&gt;&gt;</a>&nbsp;&nbsp;&nbsp;usart_baudrate_set
<LI><a href="#[3a2]">&gt;&gt;</a>&nbsp;&nbsp;&nbsp;i2c_clock_config
</UL>

<P><STRONG><a name="[304]"></a>rcu_periph_clock_enable</STRONG> (Thumb, 32 bytes, Stack size 0 bytes, gd32f4xx_rcu.o(i.rcu_periph_clock_enable))
<BR><BR>[Called By]<UL><LI><a href="#[433]">&gt;&gt;</a>&nbsp;&nbsp;&nbsp;clock_output_config
<LI><a href="#[41c]">&gt;&gt;</a>&nbsp;&nbsp;&nbsp;Time_Drv_Init
<LI><a href="#[403]">&gt;&gt;</a>&nbsp;&nbsp;&nbsp;SimBus_Drv_Init
<LI><a href="#[3bb]">&gt;&gt;</a>&nbsp;&nbsp;&nbsp;MADC_Drv_Init
<LI><a href="#[3ac]">&gt;&gt;</a>&nbsp;&nbsp;&nbsp;LADC_Drv_Init
<LI><a href="#[3a7]">&gt;&gt;</a>&nbsp;&nbsp;&nbsp;KWhMeter_Drv_Init
<LI><a href="#[3a1]">&gt;&gt;</a>&nbsp;&nbsp;&nbsp;I2Cx_Drv_Init
<LI><a href="#[36b]">&gt;&gt;</a>&nbsp;&nbsp;&nbsp;HADC_Drv_Init
<LI><a href="#[352]">&gt;&gt;</a>&nbsp;&nbsp;&nbsp;DigiLed_Init
<LI><a href="#[321]">&gt;&gt;</a>&nbsp;&nbsp;&nbsp;Comm_Drv_Init
<LI><a href="#[2ea]">&gt;&gt;</a>&nbsp;&nbsp;&nbsp;Can_Drv_Init
</UL>

<P><STRONG><a name="[3a0]"></a>rcu_periph_reset_disable</STRONG> (Thumb, 32 bytes, Stack size 0 bytes, gd32f4xx_rcu.o(i.rcu_periph_reset_disable))
<BR><BR>[Called By]<UL><LI><a href="#[322]">&gt;&gt;</a>&nbsp;&nbsp;&nbsp;usart_deinit
<LI><a href="#[373]">&gt;&gt;</a>&nbsp;&nbsp;&nbsp;timer_deinit
<LI><a href="#[308]">&gt;&gt;</a>&nbsp;&nbsp;&nbsp;can_deinit
<LI><a href="#[30c]">&gt;&gt;</a>&nbsp;&nbsp;&nbsp;I2CWrite
<LI><a href="#[30e]">&gt;&gt;</a>&nbsp;&nbsp;&nbsp;I2CRead
</UL>

<P><STRONG><a name="[39f]"></a>rcu_periph_reset_enable</STRONG> (Thumb, 32 bytes, Stack size 0 bytes, gd32f4xx_rcu.o(i.rcu_periph_reset_enable))
<BR><BR>[Called By]<UL><LI><a href="#[322]">&gt;&gt;</a>&nbsp;&nbsp;&nbsp;usart_deinit
<LI><a href="#[373]">&gt;&gt;</a>&nbsp;&nbsp;&nbsp;timer_deinit
<LI><a href="#[308]">&gt;&gt;</a>&nbsp;&nbsp;&nbsp;can_deinit
<LI><a href="#[30c]">&gt;&gt;</a>&nbsp;&nbsp;&nbsp;I2CWrite
<LI><a href="#[30e]">&gt;&gt;</a>&nbsp;&nbsp;&nbsp;I2CRead
</UL>

<P><STRONG><a name="[371]"></a>rcu_timer_clock_prescaler_config</STRONG> (Thumb, 32 bytes, Stack size 0 bytes, gd32f4xx_rcu.o(i.rcu_timer_clock_prescaler_config))
<BR><BR>[Called By]<UL><LI><a href="#[41c]">&gt;&gt;</a>&nbsp;&nbsp;&nbsp;Time_Drv_Init
<LI><a href="#[3bb]">&gt;&gt;</a>&nbsp;&nbsp;&nbsp;MADC_Drv_Init
<LI><a href="#[36b]">&gt;&gt;</a>&nbsp;&nbsp;&nbsp;HADC_Drv_Init
</UL>

<P><STRONG><a name="[370]"></a>spi_enable</STRONG> (Thumb, 10 bytes, Stack size 0 bytes, gd32f4xx_spi.o(i.spi_enable))
<BR><BR>[Called By]<UL><LI><a href="#[36b]">&gt;&gt;</a>&nbsp;&nbsp;&nbsp;HADC_Drv_Init
</UL>

<P><STRONG><a name="[36f]"></a>spi_i2s_interrupt_enable</STRONG> (Thumb, 48 bytes, Stack size 0 bytes, gd32f4xx_spi.o(i.spi_i2s_interrupt_enable))
<BR><BR>[Called By]<UL><LI><a href="#[36b]">&gt;&gt;</a>&nbsp;&nbsp;&nbsp;HADC_Drv_Init
</UL>

<P><STRONG><a name="[36d]"></a>spi_init</STRONG> (Thumb, 50 bytes, Stack size 0 bytes, gd32f4xx_spi.o(i.spi_init))
<BR><BR>[Called By]<UL><LI><a href="#[36b]">&gt;&gt;</a>&nbsp;&nbsp;&nbsp;HADC_Drv_Init
</UL>

<P><STRONG><a name="[36e]"></a>spi_ti_mode_disable</STRONG> (Thumb, 10 bytes, Stack size 0 bytes, gd32f4xx_spi.o(i.spi_ti_mode_disable))
<BR><BR>[Called By]<UL><LI><a href="#[36b]">&gt;&gt;</a>&nbsp;&nbsp;&nbsp;HADC_Drv_Init
</UL>

<P><STRONG><a name="[41d]"></a>timer_auto_reload_shadow_enable</STRONG> (Thumb, 10 bytes, Stack size 0 bytes, gd32f4xx_timer.o(i.timer_auto_reload_shadow_enable))
<BR><BR>[Called By]<UL><LI><a href="#[41c]">&gt;&gt;</a>&nbsp;&nbsp;&nbsp;Time_Drv_Init
</UL>

<P><STRONG><a name="[43e]"></a>timer_channel_input_capture_prescaler_config</STRONG> (Thumb, 90 bytes, Stack size 0 bytes, gd32f4xx_timer.o(i.timer_channel_input_capture_prescaler_config))
<BR><BR>[Called By]<UL><LI><a href="#[3ae]">&gt;&gt;</a>&nbsp;&nbsp;&nbsp;timer_input_capture_config
</UL>

<P><STRONG><a name="[3ad]"></a>timer_channel_input_struct_para_init</STRONG> (Thumb, 16 bytes, Stack size 0 bytes, gd32f4xx_timer.o(i.timer_channel_input_struct_para_init))
<BR><BR>[Called By]<UL><LI><a href="#[3bb]">&gt;&gt;</a>&nbsp;&nbsp;&nbsp;MADC_Drv_Init
<LI><a href="#[3ac]">&gt;&gt;</a>&nbsp;&nbsp;&nbsp;LADC_Drv_Init
</UL>

<P><STRONG><a name="[376]"></a>timer_channel_output_config</STRONG> (Thumb, 484 bytes, Stack size 8 bytes, gd32f4xx_timer.o(i.timer_channel_output_config))
<BR><BR>[Stack]<UL><LI>Max Depth = 8<LI>Call Chain = timer_channel_output_config
</UL>
<BR>[Called By]<UL><LI><a href="#[36b]">&gt;&gt;</a>&nbsp;&nbsp;&nbsp;HADC_Drv_Init
</UL>

<P><STRONG><a name="[378]"></a>timer_channel_output_mode_config</STRONG> (Thumb, 90 bytes, Stack size 0 bytes, gd32f4xx_timer.o(i.timer_channel_output_mode_config))
<BR><BR>[Called By]<UL><LI><a href="#[36b]">&gt;&gt;</a>&nbsp;&nbsp;&nbsp;HADC_Drv_Init
</UL>

<P><STRONG><a name="[377]"></a>timer_channel_output_pulse_value_config</STRONG> (Thumb, 38 bytes, Stack size 0 bytes, gd32f4xx_timer.o(i.timer_channel_output_pulse_value_config))
<BR><BR>[Called By]<UL><LI><a href="#[36b]">&gt;&gt;</a>&nbsp;&nbsp;&nbsp;HADC_Drv_Init
</UL>

<P><STRONG><a name="[379]"></a>timer_channel_output_shadow_config</STRONG> (Thumb, 90 bytes, Stack size 0 bytes, gd32f4xx_timer.o(i.timer_channel_output_shadow_config))
<BR><BR>[Called By]<UL><LI><a href="#[36b]">&gt;&gt;</a>&nbsp;&nbsp;&nbsp;HADC_Drv_Init
</UL>

<P><STRONG><a name="[375]"></a>timer_channel_output_struct_para_init</STRONG> (Thumb, 16 bytes, Stack size 0 bytes, gd32f4xx_timer.o(i.timer_channel_output_struct_para_init))
<BR><BR>[Called By]<UL><LI><a href="#[36b]">&gt;&gt;</a>&nbsp;&nbsp;&nbsp;HADC_Drv_Init
</UL>

<P><STRONG><a name="[373]"></a>timer_deinit</STRONG> (Thumb, 374 bytes, Stack size 8 bytes, gd32f4xx_timer.o(i.timer_deinit))
<BR><BR>[Stack]<UL><LI>Max Depth = 8<LI>Call Chain = timer_deinit
</UL>
<BR>[Calls]<UL><LI><a href="#[39f]">&gt;&gt;</a>&nbsp;&nbsp;&nbsp;rcu_periph_reset_enable
<LI><a href="#[3a0]">&gt;&gt;</a>&nbsp;&nbsp;&nbsp;rcu_periph_reset_disable
</UL>
<BR>[Called By]<UL><LI><a href="#[41c]">&gt;&gt;</a>&nbsp;&nbsp;&nbsp;Time_Drv_Init
<LI><a href="#[3bb]">&gt;&gt;</a>&nbsp;&nbsp;&nbsp;MADC_Drv_Init
<LI><a href="#[36b]">&gt;&gt;</a>&nbsp;&nbsp;&nbsp;HADC_Drv_Init
</UL>

<P><STRONG><a name="[37b]"></a>timer_enable</STRONG> (Thumb, 10 bytes, Stack size 0 bytes, gd32f4xx_timer.o(i.timer_enable))
<BR><BR>[Called By]<UL><LI><a href="#[41c]">&gt;&gt;</a>&nbsp;&nbsp;&nbsp;Time_Drv_Init
<LI><a href="#[3bb]">&gt;&gt;</a>&nbsp;&nbsp;&nbsp;MADC_Drv_Init
<LI><a href="#[3ac]">&gt;&gt;</a>&nbsp;&nbsp;&nbsp;LADC_Drv_Init
<LI><a href="#[36b]">&gt;&gt;</a>&nbsp;&nbsp;&nbsp;HADC_Drv_Init
</UL>

<P><STRONG><a name="[374]"></a>timer_init</STRONG> (Thumb, 122 bytes, Stack size 0 bytes, gd32f4xx_timer.o(i.timer_init))
<BR><BR>[Called By]<UL><LI><a href="#[41c]">&gt;&gt;</a>&nbsp;&nbsp;&nbsp;Time_Drv_Init
<LI><a href="#[3bb]">&gt;&gt;</a>&nbsp;&nbsp;&nbsp;MADC_Drv_Init
<LI><a href="#[3ac]">&gt;&gt;</a>&nbsp;&nbsp;&nbsp;LADC_Drv_Init
<LI><a href="#[36b]">&gt;&gt;</a>&nbsp;&nbsp;&nbsp;HADC_Drv_Init
</UL>

<P><STRONG><a name="[3ae]"></a>timer_input_capture_config</STRONG> (Thumb, 326 bytes, Stack size 16 bytes, gd32f4xx_timer.o(i.timer_input_capture_config))
<BR><BR>[Stack]<UL><LI>Max Depth = 16<LI>Call Chain = timer_input_capture_config
</UL>
<BR>[Calls]<UL><LI><a href="#[43e]">&gt;&gt;</a>&nbsp;&nbsp;&nbsp;timer_channel_input_capture_prescaler_config
</UL>
<BR>[Called By]<UL><LI><a href="#[3bb]">&gt;&gt;</a>&nbsp;&nbsp;&nbsp;MADC_Drv_Init
<LI><a href="#[3ac]">&gt;&gt;</a>&nbsp;&nbsp;&nbsp;LADC_Drv_Init
</UL>

<P><STRONG><a name="[37a]"></a>timer_interrupt_enable</STRONG> (Thumb, 8 bytes, Stack size 0 bytes, gd32f4xx_timer.o(i.timer_interrupt_enable))
<BR><BR>[Called By]<UL><LI><a href="#[3bb]">&gt;&gt;</a>&nbsp;&nbsp;&nbsp;MADC_Drv_Init
<LI><a href="#[3ac]">&gt;&gt;</a>&nbsp;&nbsp;&nbsp;LADC_Drv_Init
<LI><a href="#[36b]">&gt;&gt;</a>&nbsp;&nbsp;&nbsp;HADC_Drv_Init
</UL>

<P><STRONG><a name="[3af]"></a>timer_interrupt_flag_clear</STRONG> (Thumb, 6 bytes, Stack size 0 bytes, gd32f4xx_timer.o(i.timer_interrupt_flag_clear))
<BR><BR>[Called By]<UL><LI><a href="#[3bb]">&gt;&gt;</a>&nbsp;&nbsp;&nbsp;MADC_Drv_Init
<LI><a href="#[3ac]">&gt;&gt;</a>&nbsp;&nbsp;&nbsp;LADC_Drv_Init
<LI><a href="#[41]">&gt;&gt;</a>&nbsp;&nbsp;&nbsp;SPI2_IRQHandler
</UL>

<P><STRONG><a name="[372]"></a>timer_struct_para_init</STRONG> (Thumb, 22 bytes, Stack size 0 bytes, gd32f4xx_timer.o(i.timer_struct_para_init))
<BR><BR>[Called By]<UL><LI><a href="#[41c]">&gt;&gt;</a>&nbsp;&nbsp;&nbsp;Time_Drv_Init
<LI><a href="#[3bb]">&gt;&gt;</a>&nbsp;&nbsp;&nbsp;MADC_Drv_Init
<LI><a href="#[3ac]">&gt;&gt;</a>&nbsp;&nbsp;&nbsp;LADC_Drv_Init
<LI><a href="#[36b]">&gt;&gt;</a>&nbsp;&nbsp;&nbsp;HADC_Drv_Init
</UL>

<P><STRONG><a name="[323]"></a>usart_baudrate_set</STRONG> (Thumb, 224 bytes, Stack size 32 bytes, gd32f4xx_usart.o(i.usart_baudrate_set))
<BR><BR>[Stack]<UL><LI>Max Depth = 116<LI>Call Chain = usart_baudrate_set &rArr; rcu_clock_freq_get
</UL>
<BR>[Calls]<UL><LI><a href="#[435]">&gt;&gt;</a>&nbsp;&nbsp;&nbsp;rcu_clock_freq_get
</UL>
<BR>[Called By]<UL><LI><a href="#[3a7]">&gt;&gt;</a>&nbsp;&nbsp;&nbsp;KWhMeter_Drv_Init
<LI><a href="#[321]">&gt;&gt;</a>&nbsp;&nbsp;&nbsp;Comm_Drv_Init
</UL>

<P><STRONG><a name="[31b]"></a>usart_data_receive</STRONG> (Thumb, 10 bytes, Stack size 0 bytes, gd32f4xx_usart.o(i.usart_data_receive))
<BR><BR>[Called By]<UL><LI><a href="#[43]">&gt;&gt;</a>&nbsp;&nbsp;&nbsp;USART2_IRQHandler
<LI><a href="#[31a]">&gt;&gt;</a>&nbsp;&nbsp;&nbsp;CommRecIRQPcs
<LI><a href="#[42]">&gt;&gt;</a>&nbsp;&nbsp;&nbsp;USART1_IRQHandler
</UL>

<P><STRONG><a name="[2a0]"></a>usart_data_transmit</STRONG> (Thumb, 8 bytes, Stack size 0 bytes, gd32f4xx_usart.o(i.usart_data_transmit))
<BR><BR>[Called By]<UL><LI><a href="#[3a8]">&gt;&gt;</a>&nbsp;&nbsp;&nbsp;KWhMeter_Drv_Pcs
<LI><a href="#[31f]">&gt;&gt;</a>&nbsp;&nbsp;&nbsp;CommSendIRQPcs
<LI><a href="#[2a3]">&gt;&gt;</a>&nbsp;&nbsp;&nbsp;Ack_ReadFrame
<LI><a href="#[29f]">&gt;&gt;</a>&nbsp;&nbsp;&nbsp;Ack_CodeFrame
<LI><a href="#[42]">&gt;&gt;</a>&nbsp;&nbsp;&nbsp;USART1_IRQHandler
</UL>

<P><STRONG><a name="[322]"></a>usart_deinit</STRONG> (Thumb, 210 bytes, Stack size 8 bytes, gd32f4xx_usart.o(i.usart_deinit))
<BR><BR>[Stack]<UL><LI>Max Depth = 8<LI>Call Chain = usart_deinit
</UL>
<BR>[Calls]<UL><LI><a href="#[39f]">&gt;&gt;</a>&nbsp;&nbsp;&nbsp;rcu_periph_reset_enable
<LI><a href="#[3a0]">&gt;&gt;</a>&nbsp;&nbsp;&nbsp;rcu_periph_reset_disable
</UL>
<BR>[Called By]<UL><LI><a href="#[3a7]">&gt;&gt;</a>&nbsp;&nbsp;&nbsp;KWhMeter_Drv_Init
<LI><a href="#[321]">&gt;&gt;</a>&nbsp;&nbsp;&nbsp;Comm_Drv_Init
</UL>

<P><STRONG><a name="[328]"></a>usart_enable</STRONG> (Thumb, 10 bytes, Stack size 0 bytes, gd32f4xx_usart.o(i.usart_enable))
<BR><BR>[Called By]<UL><LI><a href="#[3a7]">&gt;&gt;</a>&nbsp;&nbsp;&nbsp;KWhMeter_Drv_Init
<LI><a href="#[321]">&gt;&gt;</a>&nbsp;&nbsp;&nbsp;Comm_Drv_Init
</UL>

<P><STRONG><a name="[41e]"></a>usart_flag_get</STRONG> (Thumb, 30 bytes, Stack size 8 bytes, gd32f4xx_usart.o(i.usart_flag_get))
<BR><BR>[Stack]<UL><LI>Max Depth = 8<LI>Call Chain = usart_flag_get
</UL>
<BR>[Called By]<UL><LI><a href="#[43]">&gt;&gt;</a>&nbsp;&nbsp;&nbsp;USART2_IRQHandler
<LI><a href="#[42]">&gt;&gt;</a>&nbsp;&nbsp;&nbsp;USART1_IRQHandler
</UL>

<P><STRONG><a name="[320]"></a>usart_interrupt_disable</STRONG> (Thumb, 26 bytes, Stack size 8 bytes, gd32f4xx_usart.o(i.usart_interrupt_disable))
<BR><BR>[Stack]<UL><LI>Max Depth = 8<LI>Call Chain = usart_interrupt_disable
</UL>
<BR>[Called By]<UL><LI><a href="#[329]">&gt;&gt;</a>&nbsp;&nbsp;&nbsp;Comm_Drv_Pcs
<LI><a href="#[31f]">&gt;&gt;</a>&nbsp;&nbsp;&nbsp;CommSendIRQPcs
<LI><a href="#[42]">&gt;&gt;</a>&nbsp;&nbsp;&nbsp;USART1_IRQHandler
</UL>

<P><STRONG><a name="[2a1]"></a>usart_interrupt_enable</STRONG> (Thumb, 26 bytes, Stack size 8 bytes, gd32f4xx_usart.o(i.usart_interrupt_enable))
<BR><BR>[Stack]<UL><LI>Max Depth = 8<LI>Call Chain = usart_interrupt_enable
</UL>
<BR>[Called By]<UL><LI><a href="#[3a8]">&gt;&gt;</a>&nbsp;&nbsp;&nbsp;KWhMeter_Drv_Pcs
<LI><a href="#[3a7]">&gt;&gt;</a>&nbsp;&nbsp;&nbsp;KWhMeter_Drv_Init
<LI><a href="#[329]">&gt;&gt;</a>&nbsp;&nbsp;&nbsp;Comm_Drv_Pcs
<LI><a href="#[321]">&gt;&gt;</a>&nbsp;&nbsp;&nbsp;Comm_Drv_Init
<LI><a href="#[2a3]">&gt;&gt;</a>&nbsp;&nbsp;&nbsp;Ack_ReadFrame
<LI><a href="#[29f]">&gt;&gt;</a>&nbsp;&nbsp;&nbsp;Ack_CodeFrame
</UL>

<P><STRONG><a name="[41f]"></a>usart_interrupt_flag_get</STRONG> (Thumb, 56 bytes, Stack size 16 bytes, gd32f4xx_usart.o(i.usart_interrupt_flag_get))
<BR><BR>[Stack]<UL><LI>Max Depth = 16<LI>Call Chain = usart_interrupt_flag_get
</UL>
<BR>[Called By]<UL><LI><a href="#[43]">&gt;&gt;</a>&nbsp;&nbsp;&nbsp;USART2_IRQHandler
<LI><a href="#[42]">&gt;&gt;</a>&nbsp;&nbsp;&nbsp;USART1_IRQHandler
</UL>

<P><STRONG><a name="[324]"></a>usart_parity_config</STRONG> (Thumb, 16 bytes, Stack size 0 bytes, gd32f4xx_usart.o(i.usart_parity_config))
<BR><BR>[Called By]<UL><LI><a href="#[3a7]">&gt;&gt;</a>&nbsp;&nbsp;&nbsp;KWhMeter_Drv_Init
<LI><a href="#[321]">&gt;&gt;</a>&nbsp;&nbsp;&nbsp;Comm_Drv_Init
</UL>

<P><STRONG><a name="[326]"></a>usart_receive_config</STRONG> (Thumb, 16 bytes, Stack size 0 bytes, gd32f4xx_usart.o(i.usart_receive_config))
<BR><BR>[Called By]<UL><LI><a href="#[3a7]">&gt;&gt;</a>&nbsp;&nbsp;&nbsp;KWhMeter_Drv_Init
<LI><a href="#[321]">&gt;&gt;</a>&nbsp;&nbsp;&nbsp;Comm_Drv_Init
</UL>

<P><STRONG><a name="[327]"></a>usart_transmit_config</STRONG> (Thumb, 16 bytes, Stack size 0 bytes, gd32f4xx_usart.o(i.usart_transmit_config))
<BR><BR>[Called By]<UL><LI><a href="#[3a7]">&gt;&gt;</a>&nbsp;&nbsp;&nbsp;KWhMeter_Drv_Init
<LI><a href="#[321]">&gt;&gt;</a>&nbsp;&nbsp;&nbsp;Comm_Drv_Init
</UL>

<P><STRONG><a name="[325]"></a>usart_word_length_set</STRONG> (Thumb, 16 bytes, Stack size 0 bytes, gd32f4xx_usart.o(i.usart_word_length_set))
<BR><BR>[Called By]<UL><LI><a href="#[3a7]">&gt;&gt;</a>&nbsp;&nbsp;&nbsp;KWhMeter_Drv_Init
<LI><a href="#[321]">&gt;&gt;</a>&nbsp;&nbsp;&nbsp;Comm_Drv_Init
</UL>
<P>
<H3>
Local Symbols
</H3>
<P><STRONG><a name="[37d]"></a>__NVIC_DisableIRQ</STRONG> (Thumb, 54 bytes, Stack size 0 bytes, hadc_drv.o(i.__NVIC_DisableIRQ))
<BR><BR>[Called By]<UL><LI><a href="#[37c]">&gt;&gt;</a>&nbsp;&nbsp;&nbsp;HADC_Drv_Pcs
<LI><a href="#[245]">&gt;&gt;</a>&nbsp;&nbsp;&nbsp;HADC_PriReq
</UL>

<P><STRONG><a name="[37e]"></a>__NVIC_EnableIRQ</STRONG> (Thumb, 34 bytes, Stack size 0 bytes, hadc_drv.o(i.__NVIC_EnableIRQ))
<BR><BR>[Called By]<UL><LI><a href="#[37c]">&gt;&gt;</a>&nbsp;&nbsp;&nbsp;HADC_Drv_Pcs
<LI><a href="#[41]">&gt;&gt;</a>&nbsp;&nbsp;&nbsp;SPI2_IRQHandler
<LI><a href="#[245]">&gt;&gt;</a>&nbsp;&nbsp;&nbsp;HADC_PriReq
</UL>
<P>
<H3>
Undefined Global Symbols
</H3><HR></body></html>
