*** Using Compiler 'V5.06 update 7 for Certification (build 960)', folder: 'D:\keil\keil_v5\ARM\ARMCC\Bin'
Rebuild target 'TopMxx'
compiling gd32f4xx_can.c...
compiling gd32f4xx_gpio.c...
compiling gd32f4xx_misc.c...
compiling gd32f4xx_i2c.c...
compiling gd32f4xx_dbg.c...
compiling gd32f4xx_spi.c...
compiling gd32f4xx_fwdgt.c...
compiling gd32f4xx_timer.c...
compiling gd32f4xx_usart.c...
compiling gd32f4xx_rcu.c...
compiling HADC_Drv.c...
compiling MADC_Drv.c...
assembling startup_stm32h743xx.s...
compiling Comm_Drv.c...
compiling DigiLed_Drv.c...
compiling main.c...
compiling DAC_Drv.c...
compiling Can_Drv.c...
compiling IIC_Drv.c...
compiling LADC_Drv.c...
compiling DIDO_Drv.c...
compiling SimBus_Drv.c...
compiling WDT_Drv.c...
compiling Fun.c...
compiling Time_Drv.c...
compiling RPHA.c...
compiling system_stm32h7xx.c...
linking...
Program Size: Code=210080 RO-data=108652 RW-data=21768 ZI-data=53608  
".\output\Project.axf" - 0 Error(s), 0 Warning(s).
Build Time Elapsed:  00:00:12
